#-----------------------------------------------------------
# Vivado v2018.2 (64-bit)
# SW Build 2258646 on Thu Jun 14 20:02:38 MDT 2018
# IP Build 2256618 on Thu Jun 14 22:10:49 MDT 2018
# Start of session at: Thu Dec  5 15:09:36 2024
# Process ID: 102853
# Current directory: /home/ifraba/Desktop/Laboral/SAPHIR/Pruebas_tecnicas/CMB_project/CMB_project_Gitlab_Orlando/charge-monitoring-system/zynq/CMB40_v1/CMB40_v1.runs/zsys_util_vector_logic_0_2_synth_1
# Command line: vivado -log zsys_util_vector_logic_0_2.vds -product Vivado -mode batch -messageDb vivado.pb -notrace -source zsys_util_vector_logic_0_2.tcl
# Log file: /home/ifraba/Desktop/Laboral/SAPHIR/Pruebas_tecnicas/CMB_project/CMB_project_Gitlab_Orlando/charge-monitoring-system/zynq/CMB40_v1/CMB40_v1.runs/zsys_util_vector_logic_0_2_synth_1/zsys_util_vector_logic_0_2.vds
# Journal file: /home/ifraba/Desktop/Laboral/SAPHIR/Pruebas_tecnicas/CMB_project/CMB_project_Gitlab_Orlando/charge-monitoring-system/zynq/CMB40_v1/CMB40_v1.runs/zsys_util_vector_logic_0_2_synth_1/vivado.jou
#-----------------------------------------------------------
source zsys_util_vector_logic_0_2.tcl -notrace
