#-----------------------------------------------------------
# Vivado v2018.2.2 (64-bit)
# SW Build 2348494 on Mon Oct  1 18:25:44 MDT 2018
# IP Build 2318053 on Mon Oct  1 21:44:26 MDT 2018
# Start of session at: Tue Oct 15 16:24:53 2024
# Process ID: 16608
# Current directory: C:/Users/osotosan/Downloads/verDAQ8_uart_default/verDAQ8_uart
# Command line: vivado.exe -gui_launcher_event rodinguilauncherevent16124 C:\Users\osotosan\Downloads\verDAQ8_uart_default\verDAQ8_uart\verDAQ8_uart.xpr
# Log file: C:/Users/osotosan/Downloads/verDAQ8_uart_default/verDAQ8_uart/vivado.log
# Journal file: C:/Users/osotosan/Downloads/verDAQ8_uart_default/verDAQ8_uart\vivado.jou
#-----------------------------------------------------------
start_guioopen_project C:/Users/osotosan/Downloads/verDAQ8_uart_default/verDAQ8_uart/verDAQ8_uart.xpruupdate_compile_order -fileset sources_1file copy -force C:/Users/osotosan/Downloads/verDAQ8_uart_default/verDAQ8_uart/verDAQ8_uart.runs/impl_1/zsys_wrapper.sysdef C:/Users/osotosan/Downloads/verDAQ8_uart_default/verDAQ8_uart/verDAQ8_uart.sdk/zsys_wrapper.hdf

launch_sdk -workspace C:/Users/osotosan/Downloads/verDAQ8_uart_default/verDAQ8_uart/verDAQ8_uart.sdk -hwspec C:/Users/osotosan/Downloads/verDAQ8_uart_default/verDAQ8_uart/verDAQ8_uart.sdk/zsys_wrapper.hdf
