15:51:55 **** Build of project echo_tcp_bsp ****
make -k all 
"Running Make include in ps7_cortexa9_0/libsrc/coresightps_dcc_v1_4/src"
make -C ps7_cortexa9_0/libsrc/coresightps_dcc_v1_4/src -s include  "SHELL=CMD" "COMPILER=arm-none-eabi-gcc" "ARCHIVER=arm-none-eabi-ar" "COMPILER_FLAGS=  -O2 -c" "EXTRA_COMPILER_FLAGS=-mcpu=cortex-a9 -mfpu=vfpv3 -mfloat-abi=hard -nostartfiles -g -Wall -Wextra"
"Running Make include in ps7_cortexa9_0/libsrc/cpu_cortexa9_v2_6/src"
make -C ps7_cortexa9_0/libsrc/cpu_cortexa9_v2_6/src -s include  "SHELL=CMD" "COMPILER=arm-none-eabi-gcc" "ARCHIVER=arm-none-eabi-ar" "COMPILER_FLAGS=  -O2 -c" "EXTRA_COMPILER_FLAGS=-mcpu=cortex-a9 -mfpu=vfpv3 -mfloat-abi=hard -nostartfiles -g -Wall -Wextra"
"Running Make include in ps7_cortexa9_0/libsrc/ddrps_v1_0/src"
make -C ps7_cortexa9_0/libsrc/ddrps_v1_0/src -s include  "SHELL=CMD" "COMPILER=arm-none-eabi-gcc" "ARCHIVER=arm-none-eabi-ar" "COMPILER_FLAGS=  -O2 -c" "EXTRA_COMPILER_FLAGS=-mcpu=cortex-a9 -mfpu=vfpv3 -mfloat-abi=hard -nostartfiles -g -Wall -Wextra"
"Running Make include in ps7_cortexa9_0/libsrc/devcfg_v3_5/src"
make -C ps7_cortexa9_0/libsrc/devcfg_v3_5/src -s include  "SHELL=CMD" "COMPILER=arm-none-eabi-gcc" "ARCHIVER=arm-none-eabi-ar" "COMPILER_FLAGS=  -O2 -c" "EXTRA_COMPILER_FLAGS=-mcpu=cortex-a9 -mfpu=vfpv3 -mfloat-abi=hard -nostartfiles -g -Wall -Wextra"
"Running Make include in ps7_cortexa9_0/libsrc/dmaps_v2_3/src"
make -C ps7_cortexa9_0/libsrc/dmaps_v2_3/src -s include  "SHELL=CMD" "COMPILER=arm-none-eabi-gcc" "ARCHIVER=arm-none-eabi-ar" "COMPILER_FLAGS=  -O2 -c" "EXTRA_COMPILER_FLAGS=-mcpu=cortex-a9 -mfpu=vfpv3 -mfloat-abi=hard -nostartfiles -g -Wall -Wextra"
"Running Make include in ps7_cortexa9_0/libsrc/emacps_v3_7/src"
make -C ps7_cortexa9_0/libsrc/emacps_v3_7/src -s include  "SHELL=CMD" "COMPILER=arm-none-eabi-gcc" "ARCHIVER=arm-none-eabi-ar" "COMPILER_FLAGS=  -O2 -c" "EXTRA_COMPILER_FLAGS=-mcpu=cortex-a9 -mfpu=vfpv3 -mfloat-abi=hard -nostartfiles -g -Wall -Wextra"
"Running Make include in ps7_cortexa9_0/libsrc/gpiops_v3_3/src"
make -C ps7_cortexa9_0/libsrc/gpiops_v3_3/src -s include  "SHELL=CMD" "COMPILER=arm-none-eabi-gcc" "ARCHIVER=arm-none-eabi-ar" "COMPILER_FLAGS=  -O2 -c" "EXTRA_COMPILER_FLAGS=-mcpu=cortex-a9 -mfpu=vfpv3 -mfloat-abi=hard -nostartfiles -g -Wall -Wextra"
"Running Make include in ps7_cortexa9_0/libsrc/iicps_v3_7/src"
make -C ps7_cortexa9_0/libsrc/iicps_v3_7/src -s include  "SHELL=CMD" "COMPILER=arm-none-eabi-gcc" "ARCHIVER=arm-none-eabi-ar" "COMPILER_FLAGS=  -O2 -c" "EXTRA_COMPILER_FLAGS=-mcpu=cortex-a9 -mfpu=vfpv3 -mfloat-abi=hard -nostartfiles -g -Wall -Wextra"
"Running Make include in ps7_cortexa9_0/libsrc/qspips_v3_4/src"
make -C ps7_cortexa9_0/libsrc/qspips_v3_4/src -s include  "SHELL=CMD" "COMPILER=arm-none-eabi-gcc" "ARCHIVER=arm-none-eabi-ar" "COMPILER_FLAGS=  -O2 -c" "EXTRA_COMPILER_FLAGS=-mcpu=cortex-a9 -mfpu=vfpv3 -mfloat-abi=hard -nostartfiles -g -Wall -Wextra"
"Running Make include in ps7_cortexa9_0/libsrc/scugic_v3_9/src"
make -C ps7_cortexa9_0/libsrc/scugic_v3_9/src -s include  "SHELL=CMD" "COMPILER=arm-none-eabi-gcc" "ARCHIVER=arm-none-eabi-ar" "COMPILER_FLAGS=  -O2 -c" "EXTRA_COMPILER_FLAGS=-mcpu=cortex-a9 -mfpu=vfpv3 -mfloat-abi=hard -nostartfiles -g -Wall -Wextra"
"Running Make include in ps7_cortexa9_0/libsrc/scutimer_v2_1/src"
make -C ps7_cortexa9_0/libsrc/scutimer_v2_1/src -s include  "SHELL=CMD" "COMPILER=arm-none-eabi-gcc" "ARCHIVER=arm-none-eabi-ar" "COMPILER_FLAGS=  -O2 -c" "EXTRA_COMPILER_FLAGS=-mcpu=cortex-a9 -mfpu=vfpv3 -mfloat-abi=hard -nostartfiles -g -Wall -Wextra"
"Running Make include in ps7_cortexa9_0/libsrc/scuwdt_v2_1/src"
make -C ps7_cortexa9_0/libsrc/scuwdt_v2_1/src -s include  "SHELL=CMD" "COMPILER=arm-none-eabi-gcc" "ARCHIVER=arm-none-eabi-ar" "COMPILER_FLAGS=  -O2 -c" "EXTRA_COMPILER_FLAGS=-mcpu=cortex-a9 -mfpu=vfpv3 -mfloat-abi=hard -nostartfiles -g -Wall -Wextra"
"Running Make include in ps7_cortexa9_0/libsrc/sdps_v3_5/src"
make -C ps7_cortexa9_0/libsrc/sdps_v3_5/src -s include  "SHELL=CMD" "COMPILER=arm-none-eabi-gcc" "ARCHIVER=arm-none-eabi-ar" "COMPILER_FLAGS=  -O2 -c" "EXTRA_COMPILER_FLAGS=-mcpu=cortex-a9 -mfpu=vfpv3 -mfloat-abi=hard -nostartfiles -g -Wall -Wextra"
"Running Make include in ps7_cortexa9_0/libsrc/standalone_v6_7/src"
make -C ps7_cortexa9_0/libsrc/standalone_v6_7/src -s include  "SHELL=CMD" "COMPILER=arm-none-eabi-gcc" "ARCHIVER=arm-none-eabi-ar" "COMPILER_FLAGS=  -O2 -c" "EXTRA_COMPILER_FLAGS=-mcpu=cortex-a9 -mfpu=vfpv3 -mfloat-abi=hard -nostartfiles -g -Wall -Wextra"
"Running Make include in ps7_cortexa9_0/libsrc/ttcps_v3_6/src"
make -C ps7_cortexa9_0/libsrc/ttcps_v3_6/src -s include  "SHELL=CMD" "COMPILER=arm-none-eabi-gcc" "ARCHIVER=arm-none-eabi-ar" "COMPILER_FLAGS=  -O2 -c" "EXTRA_COMPILER_FLAGS=-mcpu=cortex-a9 -mfpu=vfpv3 -mfloat-abi=hard -nostartfiles -g -Wall -Wextra"
"Running Make include in ps7_cortexa9_0/libsrc/uartps_v3_6/src"
make -C ps7_cortexa9_0/libsrc/uartps_v3_6/src -s include  "SHELL=CMD" "COMPILER=arm-none-eabi-gcc" "ARCHIVER=arm-none-eabi-ar" "COMPILER_FLAGS=  -O2 -c" "EXTRA_COMPILER_FLAGS=-mcpu=cortex-a9 -mfpu=vfpv3 -mfloat-abi=hard -nostartfiles -g -Wall -Wextra"
"Running Make include in ps7_cortexa9_0/libsrc/usbps_v2_4/src"
make -C ps7_cortexa9_0/libsrc/usbps_v2_4/src -s include  "SHELL=CMD" "COMPILER=arm-none-eabi-gcc" "ARCHIVER=arm-none-eabi-ar" "COMPILER_FLAGS=  -O2 -c" "EXTRA_COMPILER_FLAGS=-mcpu=cortex-a9 -mfpu=vfpv3 -mfloat-abi=hard -nostartfiles -g -Wall -Wextra"
"Running Make include in ps7_cortexa9_0/libsrc/wdtps_v3_0/src"
make -C ps7_cortexa9_0/libsrc/wdtps_v3_0/src -s include  "SHELL=CMD" "COMPILER=arm-none-eabi-gcc" "ARCHIVER=arm-none-eabi-ar" "COMPILER_FLAGS=  -O2 -c" "EXTRA_COMPILER_FLAGS=-mcpu=cortex-a9 -mfpu=vfpv3 -mfloat-abi=hard -nostartfiles -g -Wall -Wextra"
"Running Make include in ps7_cortexa9_0/libsrc/xadcps_v2_2/src"
make -C ps7_cortexa9_0/libsrc/xadcps_v2_2/src -s include  "SHELL=CMD" "COMPILER=arm-none-eabi-gcc" "ARCHIVER=arm-none-eabi-ar" "COMPILER_FLAGS=  -O2 -c" "EXTRA_COMPILER_FLAGS=-mcpu=cortex-a9 -mfpu=vfpv3 -mfloat-abi=hard -nostartfiles -g -Wall -Wextra"
"Running Make libs in ps7_cortexa9_0/libsrc/coresightps_dcc_v1_4/src"
make -C ps7_cortexa9_0/libsrc/coresightps_dcc_v1_4/src -s libs  "SHELL=CMD" "COMPILER=arm-none-eabi-gcc" "ARCHIVER=arm-none-eabi-ar" "COMPILER_FLAGS=  -O2 -c" "EXTRA_COMPILER_FLAGS=-mcpu=cortex-a9 -mfpu=vfpv3 -mfloat-abi=hard -nostartfiles -g -Wall -Wextra"
"Compiling coresightps_dcc"
arm-none-eabi-ar: creating ../../../lib/libxil.a
"Running Make libs in ps7_cortexa9_0/libsrc/cpu_cortexa9_v2_6/src"
make -C ps7_cortexa9_0/libsrc/cpu_cortexa9_v2_6/src -s libs  "SHELL=CMD" "COMPILER=arm-none-eabi-gcc" "ARCHIVER=arm-none-eabi-ar" "COMPILER_FLAGS=  -O2 -c" "EXTRA_COMPILER_FLAGS=-mcpu=cortex-a9 -mfpu=vfpv3 -mfloat-abi=hard -nostartfiles -g -Wall -Wextra"
"Compiling cpu_cortexa9"
"Running Make libs in ps7_cortexa9_0/libsrc/ddrps_v1_0/src"
make -C ps7_cortexa9_0/libsrc/ddrps_v1_0/src -s libs  "SHELL=CMD" "COMPILER=arm-none-eabi-gcc" "ARCHIVER=arm-none-eabi-ar" "COMPILER_FLAGS=  -O2 -c" "EXTRA_COMPILER_FLAGS=-mcpu=cortex-a9 -mfpu=vfpv3 -mfloat-abi=hard -nostartfiles -g -Wall -Wextra"
"Compiling ddrps"
"Running Make libs in ps7_cortexa9_0/libsrc/devcfg_v3_5/src"
make -C ps7_cortexa9_0/libsrc/devcfg_v3_5/src -s libs  "SHELL=CMD" "COMPILER=arm-none-eabi-gcc" "ARCHIVER=arm-none-eabi-ar" "COMPILER_FLAGS=  -O2 -c" "EXTRA_COMPILER_FLAGS=-mcpu=cortex-a9 -mfpu=vfpv3 -mfloat-abi=hard -nostartfiles -g -Wall -Wextra"
"Compiling devcfg"
"Running Make libs in ps7_cortexa9_0/libsrc/dmaps_v2_3/src"
make -C ps7_cortexa9_0/libsrc/dmaps_v2_3/src -s libs  "SHELL=CMD" "COMPILER=arm-none-eabi-gcc" "ARCHIVER=arm-none-eabi-ar" "COMPILER_FLAGS=  -O2 -c" "EXTRA_COMPILER_FLAGS=-mcpu=cortex-a9 -mfpu=vfpv3 -mfloat-abi=hard -nostartfiles -g -Wall -Wextra"
"Compiling dmaps"
"Running Make libs in ps7_cortexa9_0/libsrc/emacps_v3_7/src"
make -C ps7_cortexa9_0/libsrc/emacps_v3_7/src -s libs  "SHELL=CMD" "COMPILER=arm-none-eabi-gcc" "ARCHIVER=arm-none-eabi-ar" "COMPILER_FLAGS=  -O2 -c" "EXTRA_COMPILER_FLAGS=-mcpu=cortex-a9 -mfpu=vfpv3 -mfloat-abi=hard -nostartfiles -g -Wall -Wextra"
"Compiling emacps"
"Running Make libs in ps7_cortexa9_0/libsrc/gpiops_v3_3/src"
make -C ps7_cortexa9_0/libsrc/gpiops_v3_3/src -s libs  "SHELL=CMD" "COMPILER=arm-none-eabi-gcc" "ARCHIVER=arm-none-eabi-ar" "COMPILER_FLAGS=  -O2 -c" "EXTRA_COMPILER_FLAGS=-mcpu=cortex-a9 -mfpu=vfpv3 -mfloat-abi=hard -nostartfiles -g -Wall -Wextra"
"Compiling gpiops"
"Running Make libs in ps7_cortexa9_0/libsrc/iicps_v3_7/src"
make -C ps7_cortexa9_0/libsrc/iicps_v3_7/src -s libs  "SHELL=CMD" "COMPILER=arm-none-eabi-gcc" "ARCHIVER=arm-none-eabi-ar" "COMPILER_FLAGS=  -O2 -c" "EXTRA_COMPILER_FLAGS=-mcpu=cortex-a9 -mfpu=vfpv3 -mfloat-abi=hard -nostartfiles -g -Wall -Wextra"
"Compiling iicps"
"Running Make libs in ps7_cortexa9_0/libsrc/qspips_v3_4/src"
make -C ps7_cortexa9_0/libsrc/qspips_v3_4/src -s libs  "SHELL=CMD" "COMPILER=arm-none-eabi-gcc" "ARCHIVER=arm-none-eabi-ar" "COMPILER_FLAGS=  -O2 -c" "EXTRA_COMPILER_FLAGS=-mcpu=cortex-a9 -mfpu=vfpv3 -mfloat-abi=hard -nostartfiles -g -Wall -Wextra"
"Compiling qspips"
"Running Make libs in ps7_cortexa9_0/libsrc/scugic_v3_9/src"
make -C ps7_cortexa9_0/libsrc/scugic_v3_9/src -s libs  "SHELL=CMD" "COMPILER=arm-none-eabi-gcc" "ARCHIVER=arm-none-eabi-ar" "COMPILER_FLAGS=  -O2 -c" "EXTRA_COMPILER_FLAGS=-mcpu=cortex-a9 -mfpu=vfpv3 -mfloat-abi=hard -nostartfiles -g -Wall -Wextra"
"Compiling scugic"
"Running Make libs in ps7_cortexa9_0/libsrc/scutimer_v2_1/src"
make -C ps7_cortexa9_0/libsrc/scutimer_v2_1/src -s libs  "SHELL=CMD" "COMPILER=arm-none-eabi-gcc" "ARCHIVER=arm-none-eabi-ar" "COMPILER_FLAGS=  -O2 -c" "EXTRA_COMPILER_FLAGS=-mcpu=cortex-a9 -mfpu=vfpv3 -mfloat-abi=hard -nostartfiles -g -Wall -Wextra"
"Compiling scutimer"
"Running Make libs in ps7_cortexa9_0/libsrc/scuwdt_v2_1/src"
make -C ps7_cortexa9_0/libsrc/scuwdt_v2_1/src -s libs  "SHELL=CMD" "COMPILER=arm-none-eabi-gcc" "ARCHIVER=arm-none-eabi-ar" "COMPILER_FLAGS=  -O2 -c" "EXTRA_COMPILER_FLAGS=-mcpu=cortex-a9 -mfpu=vfpv3 -mfloat-abi=hard -nostartfiles -g -Wall -Wextra"
"Compiling scuwdt"
"Running Make libs in ps7_cortexa9_0/libsrc/sdps_v3_5/src"
make -C ps7_cortexa9_0/libsrc/sdps_v3_5/src -s libs  "SHELL=CMD" "COMPILER=arm-none-eabi-gcc" "ARCHIVER=arm-none-eabi-ar" "COMPILER_FLAGS=  -O2 -c" "EXTRA_COMPILER_FLAGS=-mcpu=cortex-a9 -mfpu=vfpv3 -mfloat-abi=hard -nostartfiles -g -Wall -Wextra"
"Compiling sdps"
"Running Make libs in ps7_cortexa9_0/libsrc/standalone_v6_7/src"
make -C ps7_cortexa9_0/libsrc/standalone_v6_7/src -s libs  "SHELL=CMD" "COMPILER=arm-none-eabi-gcc" "ARCHIVER=arm-none-eabi-ar" "COMPILER_FLAGS=  -O2 -c" "EXTRA_COMPILER_FLAGS=-mcpu=cortex-a9 -mfpu=vfpv3 -mfloat-abi=hard -nostartfiles -g -Wall -Wextra"
"Compiling standalone"
In file included from sleep.c:57:0:
xtime_l.h:89:9: note: #pragma message: For the sleep routines, Global timer is being used
 #pragma message ("For the sleep routines, Global timer is being used")
         ^~~~~~~
In file included from usleep.c:60:0:
xtime_l.h:89:9: note: #pragma message: For the sleep routines, Global timer is being used
 #pragma message ("For the sleep routines, Global timer is being used")
         ^~~~~~~
In file included from xil_sleeptimer.c:55:0:
xtime_l.h:89:9: note: #pragma message: For the sleep routines, Global timer is being used
 #pragma message ("For the sleep routines, Global timer is being used")
         ^~~~~~~
In file included from xtime_l.c:53:0:
xtime_l.h:89:9: note: #pragma message: For the sleep routines, Global timer is being used
 #pragma message ("For the sleep routines, Global timer is being used")
         ^~~~~~~
"Running Make libs in ps7_cortexa9_0/libsrc/ttcps_v3_6/src"
make -C ps7_cortexa9_0/libsrc/ttcps_v3_6/src -s libs  "SHELL=CMD" "COMPILER=arm-none-eabi-gcc" "ARCHIVER=arm-none-eabi-ar" "COMPILER_FLAGS=  -O2 -c" "EXTRA_COMPILER_FLAGS=-mcpu=cortex-a9 -mfpu=vfpv3 -mfloat-abi=hard -nostartfiles -g -Wall -Wextra"
"Compiling ttcps"
"Running Make libs in ps7_cortexa9_0/libsrc/uartps_v3_6/src"
make -C ps7_cortexa9_0/libsrc/uartps_v3_6/src -s libs  "SHELL=CMD" "COMPILER=arm-none-eabi-gcc" "ARCHIVER=arm-none-eabi-ar" "COMPILER_FLAGS=  -O2 -c" "EXTRA_COMPILER_FLAGS=-mcpu=cortex-a9 -mfpu=vfpv3 -mfloat-abi=hard -nostartfiles -g -Wall -Wextra"
"Compiling uartps"
"Running Make libs in ps7_cortexa9_0/libsrc/usbps_v2_4/src"
make -C ps7_cortexa9_0/libsrc/usbps_v2_4/src -s libs  "SHELL=CMD" "COMPILER=arm-none-eabi-gcc" "ARCHIVER=arm-none-eabi-ar" "COMPILER_FLAGS=  -O2 -c" "EXTRA_COMPILER_FLAGS=-mcpu=cortex-a9 -mfpu=vfpv3 -mfloat-abi=hard -nostartfiles -g -Wall -Wextra"
"Compiling usbps"
"Running Make libs in ps7_cortexa9_0/libsrc/wdtps_v3_0/src"
make -C ps7_cortexa9_0/libsrc/wdtps_v3_0/src -s libs  "SHELL=CMD" "COMPILER=arm-none-eabi-gcc" "ARCHIVER=arm-none-eabi-ar" "COMPILER_FLAGS=  -O2 -c" "EXTRA_COMPILER_FLAGS=-mcpu=cortex-a9 -mfpu=vfpv3 -mfloat-abi=hard -nostartfiles -g -Wall -Wextra"
"Compiling wdtps"
"Running Make libs in ps7_cortexa9_0/libsrc/xadcps_v2_2/src"
make -C ps7_cortexa9_0/libsrc/xadcps_v2_2/src -s libs  "SHELL=CMD" "COMPILER=arm-none-eabi-gcc" "ARCHIVER=arm-none-eabi-ar" "COMPILER_FLAGS=  -O2 -c" "EXTRA_COMPILER_FLAGS=-mcpu=cortex-a9 -mfpu=vfpv3 -mfloat-abi=hard -nostartfiles -g -Wall -Wextra"
"Compiling xadcps"
'Finished building libraries'
15:52:32 **** Build of configuration Debug for project echo_tcp ****
make pre-build main-build 
a9-linaro-pre-build-step
' '
'Building file: ../src/helloworld.c'
'Invoking: ARM v7 gcc compiler'
arm-none-eabi-gcc -Wall -O0 -g3 -c -fmessage-length=0 -MT"src/helloworld.o" -mcpu=cortex-a9 -mfpu=vfpv3 -mfloat-abi=hard -I../../echo_tcp_bsp/ps7_cortexa9_0/include -MMD -MP -MF"src/helloworld.d" -MT"src/helloworld.o" -o "src/helloworld.o" "../src/helloworld.c"
'Finished building: ../src/helloworld.c'
' '
'Building file: ../src/platform.c'
'Invoking: ARM v7 gcc compiler'
arm-none-eabi-gcc -Wall -O0 -g3 -c -fmessage-length=0 -MT"src/platform.o" -mcpu=cortex-a9 -mfpu=vfpv3 -mfloat-abi=hard -I../../echo_tcp_bsp/ps7_cortexa9_0/include -MMD -MP -MF"src/platform.d" -MT"src/platform.o" -o "src/platform.o" "../src/platform.c"
'Finished building: ../src/platform.c'
' '
'Building target: echo_tcp.elf'
'Invoking: ARM v7 gcc linker'
arm-none-eabi-gcc -mcpu=cortex-a9 -mfpu=vfpv3 -mfloat-abi=hard -Wl,-build-id=none -specs=Xilinx.spec -Wl,-T -Wl,../src/lscript.ld -L../../echo_tcp_bsp/ps7_cortexa9_0/lib -o "echo_tcp.elf"  ./src/helloworld.o ./src/platform.o   -Wl,--start-group,-lxil,-lgcc,-lc,--end-group
'Finished building target: echo_tcp.elf'
' '
'Invoking: ARM v7 Print Size'
arm-none-eabi-size echo_tcp.elf  |tee "echo_tcp.elf.size"
   text	   data	    bss	    dec	    hex	filename
  19348	   1144	  22568	  43060	   a834	echo_tcp.elf
'Finished building: echo_tcp.elf.size'
' '
15:53:54 **** Build of project echo_tcp_c_bsp ****
make -k all 
"Running Make include in ps7_cortexa9_0/libsrc/coresightps_dcc_v1_4/src"
make -C ps7_cortexa9_0/libsrc/coresightps_dcc_v1_4/src -s include  "SHELL=CMD" "COMPILER=arm-none-eabi-gcc" "ARCHIVER=arm-none-eabi-ar" "COMPILER_FLAGS=  -O2 -c" "EXTRA_COMPILER_FLAGS=-mcpu=cortex-a9 -mfpu=vfpv3 -mfloat-abi=hard -nostartfiles -g -Wall -Wextra"
"Running Make include in ps7_cortexa9_0/libsrc/cpu_cortexa9_v2_6/src"
make -C ps7_cortexa9_0/libsrc/cpu_cortexa9_v2_6/src -s include  "SHELL=CMD" "COMPILER=arm-none-eabi-gcc" "ARCHIVER=arm-none-eabi-ar" "COMPILER_FLAGS=  -O2 -c" "EXTRA_COMPILER_FLAGS=-mcpu=cortex-a9 -mfpu=vfpv3 -mfloat-abi=hard -nostartfiles -g -Wall -Wextra"
"Running Make include in ps7_cortexa9_0/libsrc/ddrps_v1_0/src"
make -C ps7_cortexa9_0/libsrc/ddrps_v1_0/src -s include  "SHELL=CMD" "COMPILER=arm-none-eabi-gcc" "ARCHIVER=arm-none-eabi-ar" "COMPILER_FLAGS=  -O2 -c" "EXTRA_COMPILER_FLAGS=-mcpu=cortex-a9 -mfpu=vfpv3 -mfloat-abi=hard -nostartfiles -g -Wall -Wextra"
"Running Make include in ps7_cortexa9_0/libsrc/devcfg_v3_5/src"
make -C ps7_cortexa9_0/libsrc/devcfg_v3_5/src -s include  "SHELL=CMD" "COMPILER=arm-none-eabi-gcc" "ARCHIVER=arm-none-eabi-ar" "COMPILER_FLAGS=  -O2 -c" "EXTRA_COMPILER_FLAGS=-mcpu=cortex-a9 -mfpu=vfpv3 -mfloat-abi=hard -nostartfiles -g -Wall -Wextra"
"Running Make include in ps7_cortexa9_0/libsrc/dmaps_v2_3/src"
make -C ps7_cortexa9_0/libsrc/dmaps_v2_3/src -s include  "SHELL=CMD" "COMPILER=arm-none-eabi-gcc" "ARCHIVER=arm-none-eabi-ar" "COMPILER_FLAGS=  -O2 -c" "EXTRA_COMPILER_FLAGS=-mcpu=cortex-a9 -mfpu=vfpv3 -mfloat-abi=hard -nostartfiles -g -Wall -Wextra"
"Running Make include in ps7_cortexa9_0/libsrc/emacps_v3_7/src"
make -C ps7_cortexa9_0/libsrc/emacps_v3_7/src -s include  "SHELL=CMD" "COMPILER=arm-none-eabi-gcc" "ARCHIVER=arm-none-eabi-ar" "COMPILER_FLAGS=  -O2 -c" "EXTRA_COMPILER_FLAGS=-mcpu=cortex-a9 -mfpu=vfpv3 -mfloat-abi=hard -nostartfiles -g -Wall -Wextra"
"Running Make include in ps7_cortexa9_0/libsrc/gpiops_v3_3/src"
make -C ps7_cortexa9_0/libsrc/gpiops_v3_3/src -s include  "SHELL=CMD" "COMPILER=arm-none-eabi-gcc" "ARCHIVER=arm-none-eabi-ar" "COMPILER_FLAGS=  -O2 -c" "EXTRA_COMPILER_FLAGS=-mcpu=cortex-a9 -mfpu=vfpv3 -mfloat-abi=hard -nostartfiles -g -Wall -Wextra"
"Running Make include in ps7_cortexa9_0/libsrc/iicps_v3_7/src"
make -C ps7_cortexa9_0/libsrc/iicps_v3_7/src -s include  "SHELL=CMD" "COMPILER=arm-none-eabi-gcc" "ARCHIVER=arm-none-eabi-ar" "COMPILER_FLAGS=  -O2 -c" "EXTRA_COMPILER_FLAGS=-mcpu=cortex-a9 -mfpu=vfpv3 -mfloat-abi=hard -nostartfiles -g -Wall -Wextra"
"Running Make include in ps7_cortexa9_0/libsrc/lwip202_v1_1/src"
make -C ps7_cortexa9_0/libsrc/lwip202_v1_1/src -s include  "SHELL=CMD" "COMPILER=arm-none-eabi-gcc" "ARCHIVER=arm-none-eabi-ar" "COMPILER_FLAGS=  -O2 -c" "EXTRA_COMPILER_FLAGS=-mcpu=cortex-a9 -mfpu=vfpv3 -mfloat-abi=hard -nostartfiles -g -Wall -Wextra"
"Running Make include in ps7_cortexa9_0/libsrc/qspips_v3_4/src"
make -C ps7_cortexa9_0/libsrc/qspips_v3_4/src -s include  "SHELL=CMD" "COMPILER=arm-none-eabi-gcc" "ARCHIVER=arm-none-eabi-ar" "COMPILER_FLAGS=  -O2 -c" "EXTRA_COMPILER_FLAGS=-mcpu=cortex-a9 -mfpu=vfpv3 -mfloat-abi=hard -nostartfiles -g -Wall -Wextra"
"Running Make include in ps7_cortexa9_0/libsrc/scugic_v3_9/src"
make -C ps7_cortexa9_0/libsrc/scugic_v3_9/src -s include  "SHELL=CMD" "COMPILER=arm-none-eabi-gcc" "ARCHIVER=arm-none-eabi-ar" "COMPILER_FLAGS=  -O2 -c" "EXTRA_COMPILER_FLAGS=-mcpu=cortex-a9 -mfpu=vfpv3 -mfloat-abi=hard -nostartfiles -g -Wall -Wextra"
"Running Make include in ps7_cortexa9_0/libsrc/scutimer_v2_1/src"
make -C ps7_cortexa9_0/libsrc/scutimer_v2_1/src -s include  "SHELL=CMD" "COMPILER=arm-none-eabi-gcc" "ARCHIVER=arm-none-eabi-ar" "COMPILER_FLAGS=  -O2 -c" "EXTRA_COMPILER_FLAGS=-mcpu=cortex-a9 -mfpu=vfpv3 -mfloat-abi=hard -nostartfiles -g -Wall -Wextra"
"Running Make include in ps7_cortexa9_0/libsrc/scuwdt_v2_1/src"
make -C ps7_cortexa9_0/libsrc/scuwdt_v2_1/src -s include  "SHELL=CMD" "COMPILER=arm-none-eabi-gcc" "ARCHIVER=arm-none-eabi-ar" "COMPILER_FLAGS=  -O2 -c" "EXTRA_COMPILER_FLAGS=-mcpu=cortex-a9 -mfpu=vfpv3 -mfloat-abi=hard -nostartfiles -g -Wall -Wextra"
"Running Make include in ps7_cortexa9_0/libsrc/sdps_v3_5/src"
make -C ps7_cortexa9_0/libsrc/sdps_v3_5/src -s include  "SHELL=CMD" "COMPILER=arm-none-eabi-gcc" "ARCHIVER=arm-none-eabi-ar" "COMPILER_FLAGS=  -O2 -c" "EXTRA_COMPILER_FLAGS=-mcpu=cortex-a9 -mfpu=vfpv3 -mfloat-abi=hard -nostartfiles -g -Wall -Wextra"
"Running Make include in ps7_cortexa9_0/libsrc/standalone_v6_7/src"
make -C ps7_cortexa9_0/libsrc/standalone_v6_7/src -s include  "SHELL=CMD" "COMPILER=arm-none-eabi-gcc" "ARCHIVER=arm-none-eabi-ar" "COMPILER_FLAGS=  -O2 -c" "EXTRA_COMPILER_FLAGS=-mcpu=cortex-a9 -mfpu=vfpv3 -mfloat-abi=hard -nostartfiles -g -Wall -Wextra"
"Running Make include in ps7_cortexa9_0/libsrc/ttcps_v3_6/src"
make -C ps7_cortexa9_0/libsrc/ttcps_v3_6/src -s include  "SHELL=CMD" "COMPILER=arm-none-eabi-gcc" "ARCHIVER=arm-none-eabi-ar" "COMPILER_FLAGS=  -O2 -c" "EXTRA_COMPILER_FLAGS=-mcpu=cortex-a9 -mfpu=vfpv3 -mfloat-abi=hard -nostartfiles -g -Wall -Wextra"
"Running Make include in ps7_cortexa9_0/libsrc/uartps_v3_6/src"
make -C ps7_cortexa9_0/libsrc/uartps_v3_6/src -s include  "SHELL=CMD" "COMPILER=arm-none-eabi-gcc" "ARCHIVER=arm-none-eabi-ar" "COMPILER_FLAGS=  -O2 -c" "EXTRA_COMPILER_FLAGS=-mcpu=cortex-a9 -mfpu=vfpv3 -mfloat-abi=hard -nostartfiles -g -Wall -Wextra"
"Running Make include in ps7_cortexa9_0/libsrc/usbps_v2_4/src"
make -C ps7_cortexa9_0/libsrc/usbps_v2_4/src -s include  "SHELL=CMD" "COMPILER=arm-none-eabi-gcc" "ARCHIVER=arm-none-eabi-ar" "COMPILER_FLAGS=  -O2 -c" "EXTRA_COMPILER_FLAGS=-mcpu=cortex-a9 -mfpu=vfpv3 -mfloat-abi=hard -nostartfiles -g -Wall -Wextra"
"Running Make include in ps7_cortexa9_0/libsrc/wdtps_v3_0/src"
make -C ps7_cortexa9_0/libsrc/wdtps_v3_0/src -s include  "SHELL=CMD" "COMPILER=arm-none-eabi-gcc" "ARCHIVER=arm-none-eabi-ar" "COMPILER_FLAGS=  -O2 -c" "EXTRA_COMPILER_FLAGS=-mcpu=cortex-a9 -mfpu=vfpv3 -mfloat-abi=hard -nostartfiles -g -Wall -Wextra"
"Running Make include in ps7_cortexa9_0/libsrc/xadcps_v2_2/src"
make -C ps7_cortexa9_0/libsrc/xadcps_v2_2/src -s include  "SHELL=CMD" "COMPILER=arm-none-eabi-gcc" "ARCHIVER=arm-none-eabi-ar" "COMPILER_FLAGS=  -O2 -c" "EXTRA_COMPILER_FLAGS=-mcpu=cortex-a9 -mfpu=vfpv3 -mfloat-abi=hard -nostartfiles -g -Wall -Wextra"
"Running Make libs in ps7_cortexa9_0/libsrc/coresightps_dcc_v1_4/src"
make -C ps7_cortexa9_0/libsrc/coresightps_dcc_v1_4/src -s libs  "SHELL=CMD" "COMPILER=arm-none-eabi-gcc" "ARCHIVER=arm-none-eabi-ar" "COMPILER_FLAGS=  -O2 -c" "EXTRA_COMPILER_FLAGS=-mcpu=cortex-a9 -mfpu=vfpv3 -mfloat-abi=hard -nostartfiles -g -Wall -Wextra"
"Compiling coresightps_dcc"
arm-none-eabi-ar: creating ../../../lib/libxil.a
"Running Make libs in ps7_cortexa9_0/libsrc/cpu_cortexa9_v2_6/src"
make -C ps7_cortexa9_0/libsrc/cpu_cortexa9_v2_6/src -s libs  "SHELL=CMD" "COMPILER=arm-none-eabi-gcc" "ARCHIVER=arm-none-eabi-ar" "COMPILER_FLAGS=  -O2 -c" "EXTRA_COMPILER_FLAGS=-mcpu=cortex-a9 -mfpu=vfpv3 -mfloat-abi=hard -nostartfiles -g -Wall -Wextra"
"Compiling cpu_cortexa9"
"Running Make libs in ps7_cortexa9_0/libsrc/ddrps_v1_0/src"
make -C ps7_cortexa9_0/libsrc/ddrps_v1_0/src -s libs  "SHELL=CMD" "COMPILER=arm-none-eabi-gcc" "ARCHIVER=arm-none-eabi-ar" "COMPILER_FLAGS=  -O2 -c" "EXTRA_COMPILER_FLAGS=-mcpu=cortex-a9 -mfpu=vfpv3 -mfloat-abi=hard -nostartfiles -g -Wall -Wextra"
"Compiling ddrps"
"Running Make libs in ps7_cortexa9_0/libsrc/devcfg_v3_5/src"
make -C ps7_cortexa9_0/libsrc/devcfg_v3_5/src -s libs  "SHELL=CMD" "COMPILER=arm-none-eabi-gcc" "ARCHIVER=arm-none-eabi-ar" "COMPILER_FLAGS=  -O2 -c" "EXTRA_COMPILER_FLAGS=-mcpu=cortex-a9 -mfpu=vfpv3 -mfloat-abi=hard -nostartfiles -g -Wall -Wextra"
"Compiling devcfg"
"Running Make libs in ps7_cortexa9_0/libsrc/dmaps_v2_3/src"
make -C ps7_cortexa9_0/libsrc/dmaps_v2_3/src -s libs  "SHELL=CMD" "COMPILER=arm-none-eabi-gcc" "ARCHIVER=arm-none-eabi-ar" "COMPILER_FLAGS=  -O2 -c" "EXTRA_COMPILER_FLAGS=-mcpu=cortex-a9 -mfpu=vfpv3 -mfloat-abi=hard -nostartfiles -g -Wall -Wextra"
"Compiling dmaps"
"Running Make libs in ps7_cortexa9_0/libsrc/emacps_v3_7/src"
make -C ps7_cortexa9_0/libsrc/emacps_v3_7/src -s libs  "SHELL=CMD" "COMPILER=arm-none-eabi-gcc" "ARCHIVER=arm-none-eabi-ar" "COMPILER_FLAGS=  -O2 -c" "EXTRA_COMPILER_FLAGS=-mcpu=cortex-a9 -mfpu=vfpv3 -mfloat-abi=hard -nostartfiles -g -Wall -Wextra"
"Compiling emacps"
"Running Make libs in ps7_cortexa9_0/libsrc/gpiops_v3_3/src"
make -C ps7_cortexa9_0/libsrc/gpiops_v3_3/src -s libs  "SHELL=CMD" "COMPILER=arm-none-eabi-gcc" "ARCHIVER=arm-none-eabi-ar" "COMPILER_FLAGS=  -O2 -c" "EXTRA_COMPILER_FLAGS=-mcpu=cortex-a9 -mfpu=vfpv3 -mfloat-abi=hard -nostartfiles -g -Wall -Wextra"
"Compiling gpiops"
"Running Make libs in ps7_cortexa9_0/libsrc/iicps_v3_7/src"
make -C ps7_cortexa9_0/libsrc/iicps_v3_7/src -s libs  "SHELL=CMD" "COMPILER=arm-none-eabi-gcc" "ARCHIVER=arm-none-eabi-ar" "COMPILER_FLAGS=  -O2 -c" "EXTRA_COMPILER_FLAGS=-mcpu=cortex-a9 -mfpu=vfpv3 -mfloat-abi=hard -nostartfiles -g -Wall -Wextra"
"Compiling iicps"
"Running Make libs in ps7_cortexa9_0/libsrc/lwip202_v1_1/src"
make -C ps7_cortexa9_0/libsrc/lwip202_v1_1/src -s libs  "SHELL=CMD" "COMPILER=arm-none-eabi-gcc" "ARCHIVER=arm-none-eabi-ar" "COMPILER_FLAGS=  -O2 -c" "EXTRA_COMPILER_FLAGS=-mcpu=cortex-a9 -mfpu=vfpv3 -mfloat-abi=hard -nostartfiles -g -Wall -Wextra"
"Compiling lwip src and adapter files"
contrib/ports/xilinx/netif/xemacpsif.c: In function 'xemacpsif_init':
contrib/ports/xilinx/netif/xemacpsif.c:728:16: warning: assignment from incompatible pointer type [-Wincompatible-pointer-types]
  netif->output = xemacpsif_output;
                ^
In file included from ../../../include/xemacps.h:350:0,
                 from ../../../include/netif/xemacpsif.h:59,
                 from contrib/ports/xilinx/netif/xemacpsif_dma.c:39:
contrib/ports/xilinx/netif/xemacpsif_dma.c: In function 'init_dma':
../../../include/xemacps_hw.h:603:23: warning: 'bdrxterminate' may be used uninitialized in this function [-Wmaybe-uninitialized]
 #define XEmacPs_Out32 Xil_Out32
                       ^~~~~~~~~
contrib/ports/xilinx/netif/xemacpsif_dma.c:558:14: note: 'bdrxterminate' was declared here
  XEmacPs_Bd *bdrxterminate;
              ^~~~~~~~~~~~~
In file included from ../../../include/xemacps.h:351:0,
                 from ../../../include/netif/xemacpsif.h:59,
                 from contrib/ports/xilinx/netif/xemacpsif_dma.c:39:
../../../include/xemacps_bd.h:144:12: warning: 'bdtxterminate' may be used uninitialized in this function [-Wmaybe-uninitialized]
  (*(u32 *)((UINTPTR)((void*)(BaseAddress)) + (u32)(Offset)))
            ^
contrib/ports/xilinx/netif/xemacpsif_dma.c:557:14: note: 'bdtxterminate' was declared here
  XEmacPs_Bd *bdtxterminate;
              ^~~~~~~~~~~~~
"Running Make libs in ps7_cortexa9_0/libsrc/qspips_v3_4/src"
make -C ps7_cortexa9_0/libsrc/qspips_v3_4/src -s libs  "SHELL=CMD" "COMPILER=arm-none-eabi-gcc" "ARCHIVER=arm-none-eabi-ar" "COMPILER_FLAGS=  -O2 -c" "EXTRA_COMPILER_FLAGS=-mcpu=cortex-a9 -mfpu=vfpv3 -mfloat-abi=hard -nostartfiles -g -Wall -Wextra"
"Compiling qspips"
"Running Make libs in ps7_cortexa9_0/libsrc/scugic_v3_9/src"
make -C ps7_cortexa9_0/libsrc/scugic_v3_9/src -s libs  "SHELL=CMD" "COMPILER=arm-none-eabi-gcc" "ARCHIVER=arm-none-eabi-ar" "COMPILER_FLAGS=  -O2 -c" "EXTRA_COMPILER_FLAGS=-mcpu=cortex-a9 -mfpu=vfpv3 -mfloat-abi=hard -nostartfiles -g -Wall -Wextra"
"Compiling scugic"
"Running Make libs in ps7_cortexa9_0/libsrc/scutimer_v2_1/src"
make -C ps7_cortexa9_0/libsrc/scutimer_v2_1/src -s libs  "SHELL=CMD" "COMPILER=arm-none-eabi-gcc" "ARCHIVER=arm-none-eabi-ar" "COMPILER_FLAGS=  -O2 -c" "EXTRA_COMPILER_FLAGS=-mcpu=cortex-a9 -mfpu=vfpv3 -mfloat-abi=hard -nostartfiles -g -Wall -Wextra"
"Compiling scutimer"
"Running Make libs in ps7_cortexa9_0/libsrc/scuwdt_v2_1/src"
make -C ps7_cortexa9_0/libsrc/scuwdt_v2_1/src -s libs  "SHELL=CMD" "COMPILER=arm-none-eabi-gcc" "ARCHIVER=arm-none-eabi-ar" "COMPILER_FLAGS=  -O2 -c" "EXTRA_COMPILER_FLAGS=-mcpu=cortex-a9 -mfpu=vfpv3 -mfloat-abi=hard -nostartfiles -g -Wall -Wextra"
"Compiling scuwdt"
"Running Make libs in ps7_cortexa9_0/libsrc/sdps_v3_5/src"
make -C ps7_cortexa9_0/libsrc/sdps_v3_5/src -s libs  "SHELL=CMD" "COMPILER=arm-none-eabi-gcc" "ARCHIVER=arm-none-eabi-ar" "COMPILER_FLAGS=  -O2 -c" "EXTRA_COMPILER_FLAGS=-mcpu=cortex-a9 -mfpu=vfpv3 -mfloat-abi=hard -nostartfiles -g -Wall -Wextra"
"Compiling sdps"
"Running Make libs in ps7_cortexa9_0/libsrc/standalone_v6_7/src"
make -C ps7_cortexa9_0/libsrc/standalone_v6_7/src -s libs  "SHELL=CMD" "COMPILER=arm-none-eabi-gcc" "ARCHIVER=arm-none-eabi-ar" "COMPILER_FLAGS=  -O2 -c" "EXTRA_COMPILER_FLAGS=-mcpu=cortex-a9 -mfpu=vfpv3 -mfloat-abi=hard -nostartfiles -g -Wall -Wextra"
"Compiling standalone"
In file included from sleep.c:57:0:
xtime_l.h:89:9: note: #pragma message: For the sleep routines, Global timer is being used
 #pragma message ("For the sleep routines, Global timer is being used")
         ^~~~~~~
In file included from usleep.c:60:0:
xtime_l.h:89:9: note: #pragma message: For the sleep routines, Global timer is being used
 #pragma message ("For the sleep routines, Global timer is being used")
         ^~~~~~~
In file included from xil_sleeptimer.c:55:0:
xtime_l.h:89:9: note: #pragma message: For the sleep routines, Global timer is being used
 #pragma message ("For the sleep routines, Global timer is being used")
         ^~~~~~~
In file included from xtime_l.c:53:0:
xtime_l.h:89:9: note: #pragma message: For the sleep routines, Global timer is being used
 #pragma message ("For the sleep routines, Global timer is being used")
         ^~~~~~~
"Running Make libs in ps7_cortexa9_0/libsrc/ttcps_v3_6/src"
make -C ps7_cortexa9_0/libsrc/ttcps_v3_6/src -s libs  "SHELL=CMD" "COMPILER=arm-none-eabi-gcc" "ARCHIVER=arm-none-eabi-ar" "COMPILER_FLAGS=  -O2 -c" "EXTRA_COMPILER_FLAGS=-mcpu=cortex-a9 -mfpu=vfpv3 -mfloat-abi=hard -nostartfiles -g -Wall -Wextra"
"Compiling ttcps"
"Running Make libs in ps7_cortexa9_0/libsrc/uartps_v3_6/src"
make -C ps7_cortexa9_0/libsrc/uartps_v3_6/src -s libs  "SHELL=CMD" "COMPILER=arm-none-eabi-gcc" "ARCHIVER=arm-none-eabi-ar" "COMPILER_FLAGS=  -O2 -c" "EXTRA_COMPILER_FLAGS=-mcpu=cortex-a9 -mfpu=vfpv3 -mfloat-abi=hard -nostartfiles -g -Wall -Wextra"
"Compiling uartps"
"Running Make libs in ps7_cortexa9_0/libsrc/usbps_v2_4/src"
make -C ps7_cortexa9_0/libsrc/usbps_v2_4/src -s libs  "SHELL=CMD" "COMPILER=arm-none-eabi-gcc" "ARCHIVER=arm-none-eabi-ar" "COMPILER_FLAGS=  -O2 -c" "EXTRA_COMPILER_FLAGS=-mcpu=cortex-a9 -mfpu=vfpv3 -mfloat-abi=hard -nostartfiles -g -Wall -Wextra"
"Compiling usbps"
"Running Make libs in ps7_cortexa9_0/libsrc/wdtps_v3_0/src"
make -C ps7_cortexa9_0/libsrc/wdtps_v3_0/src -s libs  "SHELL=CMD" "COMPILER=arm-none-eabi-gcc" "ARCHIVER=arm-none-eabi-ar" "COMPILER_FLAGS=  -O2 -c" "EXTRA_COMPILER_FLAGS=-mcpu=cortex-a9 -mfpu=vfpv3 -mfloat-abi=hard -nostartfiles -g -Wall -Wextra"
"Compiling wdtps"
"Running Make libs in ps7_cortexa9_0/libsrc/xadcps_v2_2/src"
make -C ps7_cortexa9_0/libsrc/xadcps_v2_2/src -s libs  "SHELL=CMD" "COMPILER=arm-none-eabi-gcc" "ARCHIVER=arm-none-eabi-ar" "COMPILER_FLAGS=  -O2 -c" "EXTRA_COMPILER_FLAGS=-mcpu=cortex-a9 -mfpu=vfpv3 -mfloat-abi=hard -nostartfiles -g -Wall -Wextra"
"Compiling xadcps"
'Finished building libraries'
15:54:40 **** Build of configuration Debug for project echo_tcp_c ****
make pre-build main-build 
a9-linaro-pre-build-step
' '
'Building file: ../src/echo.c'
'Invoking: ARM v7 gcc compiler'
arm-none-eabi-gcc -Wall -O0 -g3 -c -fmessage-length=0 -MT"src/echo.o" -mcpu=cortex-a9 -mfpu=vfpv3 -mfloat-abi=hard -I../../echo_tcp_c_bsp/ps7_cortexa9_0/include -MMD -MP -MF"src/echo.d" -MT"src/echo.o" -o "src/echo.o" "../src/echo.c"
'Finished building: ../src/echo.c'
' '
'Building file: ../src/i2c_access.c'
'Invoking: ARM v7 gcc compiler'
arm-none-eabi-gcc -Wall -O0 -g3 -c -fmessage-length=0 -MT"src/i2c_access.o" -mcpu=cortex-a9 -mfpu=vfpv3 -mfloat-abi=hard -I../../echo_tcp_c_bsp/ps7_cortexa9_0/include -MMD -MP -MF"src/i2c_access.d" -MT"src/i2c_access.o" -o "src/i2c_access.o" "../src/i2c_access.c"
'Finished building: ../src/i2c_access.c'
' '
'Building file: ../src/iic_phyreset.c'
'Invoking: ARM v7 gcc compiler'
arm-none-eabi-gcc -Wall -O0 -g3 -c -fmessage-length=0 -MT"src/iic_phyreset.o" -mcpu=cortex-a9 -mfpu=vfpv3 -mfloat-abi=hard -I../../echo_tcp_c_bsp/ps7_cortexa9_0/include -MMD -MP -MF"src/iic_phyreset.d" -MT"src/iic_phyreset.o" -o "src/iic_phyreset.o" "../src/iic_phyreset.c"
'Finished building: ../src/iic_phyreset.c'
' '
'Building file: ../src/main.c'
'Invoking: ARM v7 gcc compiler'
arm-none-eabi-gcc -Wall -O0 -g3 -c -fmessage-length=0 -MT"src/main.o" -mcpu=cortex-a9 -mfpu=vfpv3 -mfloat-abi=hard -I../../echo_tcp_c_bsp/ps7_cortexa9_0/include -MMD -MP -MF"src/main.d" -MT"src/main.o" -o "src/main.o" "../src/main.c"
'Finished building: ../src/main.c'
' '
'Building file: ../src/platform.c'
'Invoking: ARM v7 gcc compiler'
arm-none-eabi-gcc -Wall -O0 -g3 -c -fmessage-length=0 -MT"src/platform.o" -mcpu=cortex-a9 -mfpu=vfpv3 -mfloat-abi=hard -I../../echo_tcp_c_bsp/ps7_cortexa9_0/include -MMD -MP -MF"src/platform.d" -MT"src/platform.o" -o "src/platform.o" "../src/platform.c"
'Finished building: ../src/platform.c'
' '
'Building file: ../src/platform_mb.c'
'Invoking: ARM v7 gcc compiler'
arm-none-eabi-gcc -Wall -O0 -g3 -c -fmessage-length=0 -MT"src/platform_mb.o" -mcpu=cortex-a9 -mfpu=vfpv3 -mfloat-abi=hard -I../../echo_tcp_c_bsp/ps7_cortexa9_0/include -MMD -MP -MF"src/platform_mb.d" -MT"src/platform_mb.o" -o "src/platform_mb.o" "../src/platform_mb.c"
'Finished building: ../src/platform_mb.c'
' '
'Building file: ../src/platform_ppc.c'
'Invoking: ARM v7 gcc compiler'
arm-none-eabi-gcc -Wall -O0 -g3 -c -fmessage-length=0 -MT"src/platform_ppc.o" -mcpu=cortex-a9 -mfpu=vfpv3 -mfloat-abi=hard -I../../echo_tcp_c_bsp/ps7_cortexa9_0/include -MMD -MP -MF"src/platform_ppc.d" -MT"src/platform_ppc.o" -o "src/platform_ppc.o" "../src/platform_ppc.c"
'Finished building: ../src/platform_ppc.c'
' '
'Building file: ../src/platform_zynq.c'
'Invoking: ARM v7 gcc compiler'
arm-none-eabi-gcc -Wall -O0 -g3 -c -fmessage-length=0 -MT"src/platform_zynq.o" -mcpu=cortex-a9 -mfpu=vfpv3 -mfloat-abi=hard -I../../echo_tcp_c_bsp/ps7_cortexa9_0/include -MMD -MP -MF"src/platform_zynq.d" -MT"src/platform_zynq.o" -o "src/platform_zynq.o" "../src/platform_zynq.c"
'Finished building: ../src/platform_zynq.c'
' '
'Building file: ../src/platform_zynqmp.c'
'Invoking: ARM v7 gcc compiler'
arm-none-eabi-gcc -Wall -O0 -g3 -c -fmessage-length=0 -MT"src/platform_zynqmp.o" -mcpu=cortex-a9 -mfpu=vfpv3 -mfloat-abi=hard -I../../echo_tcp_c_bsp/ps7_cortexa9_0/include -MMD -MP -MF"src/platform_zynqmp.d" -MT"src/platform_zynqmp.o" -o "src/platform_zynqmp.o" "../src/platform_zynqmp.c"
'Finished building: ../src/platform_zynqmp.c'
' '
'Building file: ../src/sfp.c'
'Invoking: ARM v7 gcc compiler'
arm-none-eabi-gcc -Wall -O0 -g3 -c -fmessage-length=0 -MT"src/sfp.o" -mcpu=cortex-a9 -mfpu=vfpv3 -mfloat-abi=hard -I../../echo_tcp_c_bsp/ps7_cortexa9_0/include -MMD -MP -MF"src/sfp.d" -MT"src/sfp.o" -o "src/sfp.o" "../src/sfp.c"
'Finished building: ../src/sfp.c'
' '
'Building file: ../src/si5324.c'
'Invoking: ARM v7 gcc compiler'
arm-none-eabi-gcc -Wall -O0 -g3 -c -fmessage-length=0 -MT"src/si5324.o" -mcpu=cortex-a9 -mfpu=vfpv3 -mfloat-abi=hard -I../../echo_tcp_c_bsp/ps7_cortexa9_0/include -MMD -MP -MF"src/si5324.d" -MT"src/si5324.o" -o "src/si5324.o" "../src/si5324.c"
'Finished building: ../src/si5324.c'
' '
'Building target: echo_tcp_c.elf'
'Invoking: ARM v7 gcc linker'
arm-none-eabi-gcc -mcpu=cortex-a9 -mfpu=vfpv3 -mfloat-abi=hard -Wl,-build-id=none -specs=Xilinx.spec -Wl,-T -Wl,../src/lscript.ld -L../../echo_tcp_c_bsp/ps7_cortexa9_0/lib -o "echo_tcp_c.elf"  ./src/echo.o ./src/i2c_access.o ./src/iic_phyreset.o ./src/main.o ./src/platform.o ./src/platform_mb.o ./src/platform_ppc.o ./src/platform_zynq.o ./src/platform_zynqmp.o ./src/sfp.o ./src/si5324.o   -Wl,--start-group,-lxil,-lgcc,-lc,--end-group -Wl,--start-group,-lxil,-llwip4,-lgcc,-lc,--end-group
'Finished building target: echo_tcp_c.elf'
' '
'Invoking: ARM v7 Print Size'
arm-none-eabi-size echo_tcp_c.elf  |tee "echo_tcp_c.elf.size"
   text	   data	    bss	    dec	    hex	filename
 110804	   3840	2218272	2332916	 2398f4	echo_tcp_c.elf
'Finished building: echo_tcp_c.elf.size'
' '
15:55:25 **** Incremental Build of configuration Debug for project echo_tcp_c ****
make pre-build main-build 
a9-linaro-pre-build-step
' '
make: Nothing to be done for `main-build'.
15:56:00 **** Incremental Build of configuration Debug for project echo_tcp_c ****
make pre-build main-build 
a9-linaro-pre-build-step
' '
make: Nothing to be done for `main-build'.
16:08:19 **** Auto Build of configuration Debug for project echo_tcp_c ****
make pre-build main-build 
a9-linaro-pre-build-step
' '
'Building file: ../src/echo.c'
'Invoking: ARM v7 gcc compiler'
arm-none-eabi-gcc -Wall -O0 -g3 -c -fmessage-length=0 -MT"src/echo.o" -mcpu=cortex-a9 -mfpu=vfpv3 -mfloat-abi=hard -I../../echo_tcp_c_bsp/ps7_cortexa9_0/include -MMD -MP -MF"src/echo.d" -MT"src/echo.o" -o "src/echo.o" "../src/echo.c"
'Finished building: ../src/echo.c'
' '
'Building target: echo_tcp_c.elf'
'Invoking: ARM v7 gcc linker'
arm-none-eabi-gcc -mcpu=cortex-a9 -mfpu=vfpv3 -mfloat-abi=hard -Wl,-build-id=none -specs=Xilinx.spec -Wl,-T -Wl,../src/lscript.ld -L../../echo_tcp_c_bsp/ps7_cortexa9_0/lib -o "echo_tcp_c.elf"  ./src/echo.o ./src/i2c_access.o ./src/iic_phyreset.o ./src/main.o ./src/platform.o ./src/platform_mb.o ./src/platform_ppc.o ./src/platform_zynq.o ./src/platform_zynqmp.o ./src/sfp.o ./src/si5324.o   -Wl,--start-group,-lxil,-lgcc,-lc,--end-group -Wl,--start-group,-lxil,-llwip4,-lgcc,-lc,--end-group
'Finished building target: echo_tcp_c.elf'
' '
'Invoking: ARM v7 Print Size'
arm-none-eabi-size echo_tcp_c.elf  |tee "echo_tcp_c.elf.size"
   text	   data	    bss	    dec	    hex	filename
 110832	   3840	2218272	2332944	 239910	echo_tcp_c.elf
'Finished building: echo_tcp_c.elf.size'
' '
16:08:39 **** Auto Build of configuration Debug for project echo_tcp_c ****
make pre-build main-build 
a9-linaro-pre-build-step
' '
'Building file: ../src/echo.c'
'Invoking: ARM v7 gcc compiler'
arm-none-eabi-gcc -Wall -O0 -g3 -c -fmessage-length=0 -MT"src/echo.o" -mcpu=cortex-a9 -mfpu=vfpv3 -mfloat-abi=hard -I../../echo_tcp_c_bsp/ps7_cortexa9_0/include -MMD -MP -MF"src/echo.d" -MT"src/echo.o" -o "src/echo.o" "../src/echo.c"
../src/echo.c: In function 'recv_callback':
../src/echo.c:73:46: error: 'payload' undeclared (first use in this function)
   xil_printf("enviando datos del buffer %b", payload);
                                              ^~~~~~~
../src/echo.c:73:46: note: each undeclared identifier is reported only once for each function it appears in
make: *** [src/echo.o] Error 1
16:08:57 **** Auto Build of configuration Debug for project echo_tcp_c ****
make pre-build main-build 
a9-linaro-pre-build-step
' '
'Building file: ../src/echo.c'
'Invoking: ARM v7 gcc compiler'
arm-none-eabi-gcc -Wall -O0 -g3 -c -fmessage-length=0 -MT"src/echo.o" -mcpu=cortex-a9 -mfpu=vfpv3 -mfloat-abi=hard -I../../echo_tcp_c_bsp/ps7_cortexa9_0/include -MMD -MP -MF"src/echo.d" -MT"src/echo.o" -o "src/echo.o" "../src/echo.c"
'Finished building: ../src/echo.c'
' '
'Building target: echo_tcp_c.elf'
'Invoking: ARM v7 gcc linker'
arm-none-eabi-gcc -mcpu=cortex-a9 -mfpu=vfpv3 -mfloat-abi=hard -Wl,-build-id=none -specs=Xilinx.spec -Wl,-T -Wl,../src/lscript.ld -L../../echo_tcp_c_bsp/ps7_cortexa9_0/lib -o "echo_tcp_c.elf"  ./src/echo.o ./src/i2c_access.o ./src/iic_phyreset.o ./src/main.o ./src/platform.o ./src/platform_mb.o ./src/platform_ppc.o ./src/platform_zynq.o ./src/platform_zynqmp.o ./src/sfp.o ./src/si5324.o   -Wl,--start-group,-lxil,-lgcc,-lc,--end-group -Wl,--start-group,-lxil,-llwip4,-lgcc,-lc,--end-group
'Finished building target: echo_tcp_c.elf'
' '
'Invoking: ARM v7 Print Size'
arm-none-eabi-size echo_tcp_c.elf  |tee "echo_tcp_c.elf.size"
   text	   data	    bss	    dec	    hex	filename
 110900	   3840	2218272	2333012	 239954	echo_tcp_c.elf
'Finished building: echo_tcp_c.elf.size'
' '
16:09:00 **** Incremental Build of configuration Debug for project echo_tcp_c ****
make pre-build main-build 
a9-linaro-pre-build-step
' '
make: Nothing to be done for `main-build'.
12:27:51 **** Auto Build of configuration Debug for project echo_tcp_c ****
make pre-build main-build 
a9-linaro-pre-build-step
' '
make: Nothing to be done for `main-build'.
12:28:04 **** Auto Build of configuration Debug for project echo_tcp_c ****
make pre-build main-build 
a9-linaro-pre-build-step
' '
make: Nothing to be done for `main-build'.
12:33:49 **** Auto Build of configuration Debug for project echo_tcp_c ****
make pre-build main-build 
a9-linaro-pre-build-step
' '
'Building file: ../src/main.c'
'Invoking: ARM v7 gcc compiler'
arm-none-eabi-gcc -Wall -O0 -g3 -c -fmessage-length=0 -MT"src/main.o" -mcpu=cortex-a9 -mfpu=vfpv3 -mfloat-abi=hard -I../../echo_tcp_c_bsp/ps7_cortexa9_0/include -MMD -MP -MF"src/main.d" -MT"src/main.o" -o "src/main.o" "../src/main.c"
../src/main.c: In function 'load_massive_data':
../src/main.c:20:5: warning: implicit declaration of function 'xil_printf'; did you mean '__builtin_printf'? [-Wimplicit-function-declaration]
     xil_printf("Massive data loaded:\n%s\n", massive_payload);
     ^~~~~~~~~~
     __builtin_printf
../src/main.c: In function 'main':
../src/main.c:26:5: error: unknown type name 'ip_addr_t'
     ip_addr_t ipaddr, netmask, gw;
     ^~~~~~~~~
../src/main.c:32:5: error: 'echo_netif' undeclared (first use in this function)
     echo_netif = &server_netif;
     ^~~~~~~~~~
../src/main.c:32:5: note: each undeclared identifier is reported only once for each function it appears in
../src/main.c:32:19: error: 'server_netif' undeclared (first use in this function); did you mean 'echo_netif'?
     echo_netif = &server_netif;
                   ^~~~~~~~~~~~
                   echo_netif
../src/main.c:44:5: warning: implicit declaration of function 'init_platform' [-Wimplicit-function-declaration]
     init_platform();
     ^~~~~~~~~~~~~
../src/main.c:52:5: warning: implicit declaration of function 'IP4_ADDR' [-Wimplicit-function-declaration]
     IP4_ADDR(&ipaddr,  192, 168,   1, 10);
     ^~~~~~~~
../src/main.c:57:5: warning: implicit declaration of function 'print_app_header' [-Wimplicit-function-declaration]
     print_app_header();
     ^~~~~~~~~~~~~~~~
../src/main.c:59:5: warning: implicit declaration of function 'lwip_init'; did you mean '__lock_init'? [-Wimplicit-function-declaration]
     lwip_init();
     ^~~~~~~~~
     __lock_init
../src/main.c:62:10: warning: implicit declaration of function 'xemac_add' [-Wimplicit-function-declaration]
     if (!xemac_add(echo_netif, &ipaddr, &netmask,
          ^~~~~~~~~
../src/main.c:64:21: error: 'PLATFORM_EMAC_BASEADDR' undeclared (first use in this function)
                     PLATFORM_EMAC_BASEADDR)) {
                     ^~~~~~~~~~~~~~~~~~~~~~
../src/main.c:79:5: warning: implicit declaration of function 'netif_set_default'; did you mean '__sym_default'? [-Wimplicit-function-declaration]
     netif_set_default(echo_netif);
     ^~~~~~~~~~~~~~~~~
     __sym_default
../src/main.c:80:5: warning: implicit declaration of function 'platform_enable_interrupts' [-Wimplicit-function-declaration]
     platform_enable_interrupts();
     ^~~~~~~~~~~~~~~~~~~~~~~~~~
../src/main.c:81:5: warning: implicit declaration of function 'netif_set_up' [-Wimplicit-function-declaration]
     netif_set_up(echo_netif);
     ^~~~~~~~~~~~
../src/main.c:102:5: warning: implicit declaration of function 'print_ip_settings' [-Wimplicit-function-declaration]
     print_ip_settings(&ipaddr, &netmask, &gw);
     ^~~~~~~~~~~~~~~~~
../src/main.c:109:5: warning: implicit declaration of function 'start_application' [-Wimplicit-function-declaration]
     start_application();
     ^~~~~~~~~~~~~~~~~
../src/main.c:113:13: error: 'TcpFastTmrFlag' undeclared (first use in this function)
         if (TcpFastTmrFlag) {
             ^~~~~~~~~~~~~~
../src/main.c:114:13: warning: implicit declaration of function 'tcp_fasttmr' [-Wimplicit-function-declaration]
             tcp_fasttmr();
             ^~~~~~~~~~~
../src/main.c:117:13: error: 'TcpSlowTmrFlag' undeclared (first use in this function); did you mean 'TcpFastTmrFlag'?
         if (TcpSlowTmrFlag) {
             ^~~~~~~~~~~~~~
             TcpFastTmrFlag
../src/main.c:118:13: warning: implicit declaration of function 'tcp_slowtmr' [-Wimplicit-function-declaration]
             tcp_slowtmr();
             ^~~~~~~~~~~
../src/main.c:121:9: warning: implicit declaration of function 'xemacif_input' [-Wimplicit-function-declaration]
         xemacif_input(echo_netif);
         ^~~~~~~~~~~~~
../src/main.c:122:9: warning: implicit declaration of function 'transfer_data' [-Wimplicit-function-declaration]
         transfer_data();
         ^~~~~~~~~~~~~
../src/main.c:125:5: warning: implicit declaration of function 'cleanup_platform' [-Wimplicit-function-declaration]
     cleanup_platform();
     ^~~~~~~~~~~~~~~~
make: *** [src/main.o] Error 1
12:33:57 **** Auto Build of configuration Debug for project echo_tcp_c ****
make pre-build main-build 
a9-linaro-pre-build-step
' '
'Building file: ../src/echo.c'
'Invoking: ARM v7 gcc compiler'
arm-none-eabi-gcc -Wall -O0 -g3 -c -fmessage-length=0 -MT"src/echo.o" -mcpu=cortex-a9 -mfpu=vfpv3 -mfloat-abi=hard -I../../echo_tcp_c_bsp/ps7_cortexa9_0/include -MMD -MP -MF"src/echo.d" -MT"src/echo.o" -o "src/echo.o" "../src/echo.c"
In file included from ../src/echo.c:7:0:
../src/massive_data.h:6:20: warning: 'massive_data' defined but not used [-Wunused-variable]
 static const char *massive_data =
                    ^~~~~~~~~~~~
'Finished building: ../src/echo.c'
' '
'Building file: ../src/main.c'
'Invoking: ARM v7 gcc compiler'
arm-none-eabi-gcc -Wall -O0 -g3 -c -fmessage-length=0 -MT"src/main.o" -mcpu=cortex-a9 -mfpu=vfpv3 -mfloat-abi=hard -I../../echo_tcp_c_bsp/ps7_cortexa9_0/include -MMD -MP -MF"src/main.d" -MT"src/main.o" -o "src/main.o" "../src/main.c"
../src/main.c: In function 'load_massive_data':
../src/main.c:20:5: warning: implicit declaration of function 'xil_printf'; did you mean '__builtin_printf'? [-Wimplicit-function-declaration]
     xil_printf("Massive data loaded:\n%s\n", massive_payload);
     ^~~~~~~~~~
     __builtin_printf
../src/main.c: In function 'main':
../src/main.c:26:5: error: unknown type name 'ip_addr_t'
     ip_addr_t ipaddr, netmask, gw;
     ^~~~~~~~~
../src/main.c:32:5: error: 'echo_netif' undeclared (first use in this function)
     echo_netif = &server_netif;
     ^~~~~~~~~~
../src/main.c:32:5: note: each undeclared identifier is reported only once for each function it appears in
../src/main.c:32:19: error: 'server_netif' undeclared (first use in this function); did you mean 'echo_netif'?
     echo_netif = &server_netif;
                   ^~~~~~~~~~~~
                   echo_netif
../src/main.c:44:5: warning: implicit declaration of function 'init_platform' [-Wimplicit-function-declaration]
     init_platform();
     ^~~~~~~~~~~~~
../src/main.c:52:5: warning: implicit declaration of function 'IP4_ADDR' [-Wimplicit-function-declaration]
     IP4_ADDR(&ipaddr,  192, 168,   1, 10);
     ^~~~~~~~
../src/main.c:57:5: warning: implicit declaration of function 'print_app_header' [-Wimplicit-function-declaration]
     print_app_header();
     ^~~~~~~~~~~~~~~~
../src/main.c:59:5: warning: implicit declaration of function 'lwip_init'; did you mean '__lock_init'? [-Wimplicit-function-declaration]
     lwip_init();
     ^~~~~~~~~
     __lock_init
../src/main.c:62:10: warning: implicit declaration of function 'xemac_add' [-Wimplicit-function-declaration]
     if (!xemac_add(echo_netif, &ipaddr, &netmask,
          ^~~~~~~~~
../src/main.c:64:21: error: 'PLATFORM_EMAC_BASEADDR' undeclared (first use in this function)
                     PLATFORM_EMAC_BASEADDR)) {
                     ^~~~~~~~~~~~~~~~~~~~~~
../src/main.c:79:5: warning: implicit declaration of function 'netif_set_default'; did you mean '__sym_default'? [-Wimplicit-function-declaration]
     netif_set_default(echo_netif);
     ^~~~~~~~~~~~~~~~~
     __sym_default
../src/main.c:80:5: warning: implicit declaration of function 'platform_enable_interrupts' [-Wimplicit-function-declaration]
     platform_enable_interrupts();
     ^~~~~~~~~~~~~~~~~~~~~~~~~~
../src/main.c:81:5: warning: implicit declaration of function 'netif_set_up' [-Wimplicit-function-declaration]
     netif_set_up(echo_netif);
     ^~~~~~~~~~~~
../src/main.c:102:5: warning: implicit declaration of function 'print_ip_settings' [-Wimplicit-function-declaration]
     print_ip_settings(&ipaddr, &netmask, &gw);
     ^~~~~~~~~~~~~~~~~
../src/main.c:109:5: warning: implicit declaration of function 'start_application' [-Wimplicit-function-declaration]
     start_application();
     ^~~~~~~~~~~~~~~~~
../src/main.c:113:13: error: 'TcpFastTmrFlag' undeclared (first use in this function)
         if (TcpFastTmrFlag) {
             ^~~~~~~~~~~~~~
../src/main.c:114:13: warning: implicit declaration of function 'tcp_fasttmr' [-Wimplicit-function-declaration]
             tcp_fasttmr();
             ^~~~~~~~~~~
../src/main.c:117:13: error: 'TcpSlowTmrFlag' undeclared (first use in this function); did you mean 'TcpFastTmrFlag'?
         if (TcpSlowTmrFlag) {
             ^~~~~~~~~~~~~~
             TcpFastTmrFlag
../src/main.c:118:13: warning: implicit declaration of function 'tcp_slowtmr' [-Wimplicit-function-declaration]
             tcp_slowtmr();
             ^~~~~~~~~~~
../src/main.c:121:9: warning: implicit declaration of function 'xemacif_input' [-Wimplicit-function-declaration]
         xemacif_input(echo_netif);
         ^~~~~~~~~~~~~
../src/main.c:122:9: warning: implicit declaration of function 'transfer_data' [-Wimplicit-function-declaration]
         transfer_data();
         ^~~~~~~~~~~~~
../src/main.c:125:5: warning: implicit declaration of function 'cleanup_platform' [-Wimplicit-function-declaration]
     cleanup_platform();
     ^~~~~~~~~~~~~~~~
make: *** [src/main.o] Error 1
12:35:46 **** Auto Build of configuration Debug for project echo_tcp_c ****
make pre-build main-build 
a9-linaro-pre-build-step
' '
'Building file: ../src/main.c'
'Invoking: ARM v7 gcc compiler'
arm-none-eabi-gcc -Wall -O0 -g3 -c -fmessage-length=0 -MT"src/main.o" -mcpu=cortex-a9 -mfpu=vfpv3 -mfloat-abi=hard -I../../echo_tcp_c_bsp/ps7_cortexa9_0/include -MMD -MP -MF"src/main.d" -MT"src/main.o" -o "src/main.o" "../src/main.c"
'Finished building: ../src/main.c'
' '
'Building target: echo_tcp_c.elf'
'Invoking: ARM v7 gcc linker'
arm-none-eabi-gcc -mcpu=cortex-a9 -mfpu=vfpv3 -mfloat-abi=hard -Wl,-build-id=none -specs=Xilinx.spec -Wl,-T -Wl,../src/lscript.ld -L../../echo_tcp_c_bsp/ps7_cortexa9_0/lib -o "echo_tcp_c.elf"  ./src/echo.o ./src/i2c_access.o ./src/iic_phyreset.o ./src/main.o ./src/platform.o ./src/platform_mb.o ./src/platform_ppc.o ./src/platform_zynq.o ./src/platform_zynqmp.o ./src/sfp.o ./src/si5324.o   -Wl,--start-group,-lxil,-lgcc,-lc,--end-group -Wl,--start-group,-lxil,-llwip4,-lgcc,-lc,--end-group
'Finished building target: echo_tcp_c.elf'
' '
'Invoking: ARM v7 Print Size'
arm-none-eabi-size echo_tcp_c.elf  |tee "echo_tcp_c.elf.size"
   text	   data	    bss	    dec	    hex	filename
 112892	   3848	2218272	2335012	 23a124	echo_tcp_c.elf
'Finished building: echo_tcp_c.elf.size'
' '
12:36:22 **** Auto Build of configuration Debug for project echo_tcp_c ****
make pre-build main-build 
a9-linaro-pre-build-step
' '
'Building file: ../src/main.c'
'Invoking: ARM v7 gcc compiler'
arm-none-eabi-gcc -Wall -O0 -g3 -c -fmessage-length=0 -MT"src/main.o" -mcpu=cortex-a9 -mfpu=vfpv3 -mfloat-abi=hard -I../../echo_tcp_c_bsp/ps7_cortexa9_0/include -MMD -MP -MF"src/main.d" -MT"src/main.o" -o "src/main.o" "../src/main.c"
'Finished building: ../src/main.c'
' '
'Building target: echo_tcp_c.elf'
'Invoking: ARM v7 gcc linker'
arm-none-eabi-gcc -mcpu=cortex-a9 -mfpu=vfpv3 -mfloat-abi=hard -Wl,-build-id=none -specs=Xilinx.spec -Wl,-T -Wl,../src/lscript.ld -L../../echo_tcp_c_bsp/ps7_cortexa9_0/lib -o "echo_tcp_c.elf"  ./src/echo.o ./src/i2c_access.o ./src/iic_phyreset.o ./src/main.o ./src/platform.o ./src/platform_mb.o ./src/platform_ppc.o ./src/platform_zynq.o ./src/platform_zynqmp.o ./src/sfp.o ./src/si5324.o   -Wl,--start-group,-lxil,-lgcc,-lc,--end-group -Wl,--start-group,-lxil,-llwip4,-lgcc,-lc,--end-group
'Finished building target: echo_tcp_c.elf'
' '
'Invoking: ARM v7 Print Size'
arm-none-eabi-size echo_tcp_c.elf  |tee "echo_tcp_c.elf.size"
   text	   data	    bss	    dec	    hex	filename
 112892	   3848	2218272	2335012	 23a124	echo_tcp_c.elf
'Finished building: echo_tcp_c.elf.size'
' '
12:40:55 **** Incremental Build of configuration Debug for project echo_tcp_c ****
make pre-build main-build 
a9-linaro-pre-build-step
' '
'Building file: ../src/main.c'
'Invoking: ARM v7 gcc compiler'
arm-none-eabi-gcc -Wall -O0 -g3 -c -fmessage-length=0 -MT"src/main.o" -mcpu=cortex-a9 -mfpu=vfpv3 -mfloat-abi=hard -I../../echo_tcp_c_bsp/ps7_cortexa9_0/include -MMD -MP -MF"src/main.d" -MT"src/main.o" -o "src/main.o" "../src/main.c"
'Finished building: ../src/main.c'
' '
'Building target: echo_tcp_c.elf'
'Invoking: ARM v7 gcc linker'
arm-none-eabi-gcc -mcpu=cortex-a9 -mfpu=vfpv3 -mfloat-abi=hard -Wl,-build-id=none -specs=Xilinx.spec -Wl,-T -Wl,../src/lscript.ld -L../../echo_tcp_c_bsp/ps7_cortexa9_0/lib -o "echo_tcp_c.elf"  ./src/echo.o ./src/i2c_access.o ./src/iic_phyreset.o ./src/main.o ./src/platform.o ./src/platform_mb.o ./src/platform_ppc.o ./src/platform_zynq.o ./src/platform_zynqmp.o ./src/sfp.o ./src/si5324.o   -Wl,--start-group,-lxil,-lgcc,-lc,--end-group -Wl,--start-group,-lxil,-llwip4,-lgcc,-lc,--end-group
'Finished building target: echo_tcp_c.elf'
' '
'Invoking: ARM v7 Print Size'
arm-none-eabi-size echo_tcp_c.elf  |tee "echo_tcp_c.elf.size"
   text	   data	    bss	    dec	    hex	filename
 112892	   3848	2218272	2335012	 23a124	echo_tcp_c.elf
'Finished building: echo_tcp_c.elf.size'
' '
12:41:47 **** Incremental Build of configuration Debug for project echo_tcp_c ****
make pre-build main-build 
a9-linaro-pre-build-step
' '
make: Nothing to be done for `main-build'.
12:57:29 **** Auto Build of configuration Debug for project echo_tcp_c ****
make pre-build main-build 
a9-linaro-pre-build-step
' '
'Building file: ../src/echo.c'
'Invoking: ARM v7 gcc compiler'
arm-none-eabi-gcc -Wall -O0 -g3 -c -fmessage-length=0 -MT"src/echo.o" -mcpu=cortex-a9 -mfpu=vfpv3 -mfloat-abi=hard -I../../echo_tcp_c_bsp/ps7_cortexa9_0/include -MMD -MP -MF"src/echo.d" -MT"src/echo.o" -o "src/echo.o" "../src/echo.c"
In file included from ../src/echo.c:7:0:
../src/massive_data.h:6:20: warning: 'massive_data' defined but not used [-Wunused-variable]
 static const char *massive_data =
                    ^~~~~~~~~~~~
'Finished building: ../src/echo.c'
' '
'Building file: ../src/main.c'
'Invoking: ARM v7 gcc compiler'
arm-none-eabi-gcc -Wall -O0 -g3 -c -fmessage-length=0 -MT"src/main.o" -mcpu=cortex-a9 -mfpu=vfpv3 -mfloat-abi=hard -I../../echo_tcp_c_bsp/ps7_cortexa9_0/include -MMD -MP -MF"src/main.d" -MT"src/main.o" -o "src/main.o" "../src/main.c"
'Finished building: ../src/main.c'
' '
'Building target: echo_tcp_c.elf'
'Invoking: ARM v7 gcc linker'
arm-none-eabi-gcc -mcpu=cortex-a9 -mfpu=vfpv3 -mfloat-abi=hard -Wl,-build-id=none -specs=Xilinx.spec -Wl,-T -Wl,../src/lscript.ld -L../../echo_tcp_c_bsp/ps7_cortexa9_0/lib -o "echo_tcp_c.elf"  ./src/echo.o ./src/i2c_access.o ./src/iic_phyreset.o ./src/main.o ./src/platform.o ./src/platform_mb.o ./src/platform_ppc.o ./src/platform_zynq.o ./src/platform_zynqmp.o ./src/sfp.o ./src/si5324.o   -Wl,--start-group,-lxil,-lgcc,-lc,--end-group -Wl,--start-group,-lxil,-llwip4,-lgcc,-lc,--end-group
'Finished building target: echo_tcp_c.elf'
' '
'Invoking: ARM v7 Print Size'
arm-none-eabi-size echo_tcp_c.elf  |tee "echo_tcp_c.elf.size"
   text	   data	    bss	    dec	    hex	filename
 113900	   3848	2218272	2336020	 23a514	echo_tcp_c.elf
'Finished building: echo_tcp_c.elf.size'
' '
12:59:56 **** Auto Build of configuration Debug for project echo_tcp_c ****
make pre-build main-build 
a9-linaro-pre-build-step
' '
'Building file: ../src/echo.c'
'Invoking: ARM v7 gcc compiler'
arm-none-eabi-gcc -Wall -O0 -g3 -c -fmessage-length=0 -MT"src/echo.o" -mcpu=cortex-a9 -mfpu=vfpv3 -mfloat-abi=hard -I../../echo_tcp_c_bsp/ps7_cortexa9_0/include -MMD -MP -MF"src/echo.d" -MT"src/echo.o" -o "src/echo.o" "../src/echo.c"
'Finished building: ../src/echo.c'
' '
'Building target: echo_tcp_c.elf'
'Invoking: ARM v7 gcc linker'
arm-none-eabi-gcc -mcpu=cortex-a9 -mfpu=vfpv3 -mfloat-abi=hard -Wl,-build-id=none -specs=Xilinx.spec -Wl,-T -Wl,../src/lscript.ld -L../../echo_tcp_c_bsp/ps7_cortexa9_0/lib -o "echo_tcp_c.elf"  ./src/echo.o ./src/i2c_access.o ./src/iic_phyreset.o ./src/main.o ./src/platform.o ./src/platform_mb.o ./src/platform_ppc.o ./src/platform_zynq.o ./src/platform_zynqmp.o ./src/sfp.o ./src/si5324.o   -Wl,--start-group,-lxil,-lgcc,-lc,--end-group -Wl,--start-group,-lxil,-llwip4,-lgcc,-lc,--end-group
'Finished building target: echo_tcp_c.elf'
' '
'Invoking: ARM v7 Print Size'
arm-none-eabi-size echo_tcp_c.elf  |tee "echo_tcp_c.elf.size"
   text	   data	    bss	    dec	    hex	filename
 114088	   3848	2218272	2336208	 23a5d0	echo_tcp_c.elf
'Finished building: echo_tcp_c.elf.size'
' '
12:59:58 **** Incremental Build of configuration Debug for project echo_tcp_c ****
make pre-build main-build 
a9-linaro-pre-build-step
' '
make: Nothing to be done for `main-build'.
14:16:15 **** Auto Build of configuration Debug for project echo_tcp_c ****
make pre-build main-build 
a9-linaro-pre-build-step
' '
'Building file: ../src/echo.c'
'Invoking: ARM v7 gcc compiler'
arm-none-eabi-gcc -Wall -O0 -g3 -c -fmessage-length=0 -MT"src/echo.o" -mcpu=cortex-a9 -mfpu=vfpv3 -mfloat-abi=hard -I../../echo_tcp_c_bsp/ps7_cortexa9_0/include -MMD -MP -MF"src/echo.d" -MT"src/echo.o" -o "src/echo.o" "../src/echo.c"
'Finished building: ../src/echo.c'
' '
'Building file: ../src/main.c'
'Invoking: ARM v7 gcc compiler'
arm-none-eabi-gcc -Wall -O0 -g3 -c -fmessage-length=0 -MT"src/main.o" -mcpu=cortex-a9 -mfpu=vfpv3 -mfloat-abi=hard -I../../echo_tcp_c_bsp/ps7_cortexa9_0/include -MMD -MP -MF"src/main.d" -MT"src/main.o" -o "src/main.o" "../src/main.c"
'Finished building: ../src/main.c'
' '
'Building target: echo_tcp_c.elf'
'Invoking: ARM v7 gcc linker'
arm-none-eabi-gcc -mcpu=cortex-a9 -mfpu=vfpv3 -mfloat-abi=hard -Wl,-build-id=none -specs=Xilinx.spec -Wl,-T -Wl,../src/lscript.ld -L../../echo_tcp_c_bsp/ps7_cortexa9_0/lib -o "echo_tcp_c.elf"  ./src/echo.o ./src/i2c_access.o ./src/iic_phyreset.o ./src/main.o ./src/platform.o ./src/platform_mb.o ./src/platform_ppc.o ./src/platform_zynq.o ./src/platform_zynqmp.o ./src/sfp.o ./src/si5324.o   -Wl,--start-group,-lxil,-lgcc,-lc,--end-group -Wl,--start-group,-lxil,-llwip4,-lgcc,-lc,--end-group
'Finished building target: echo_tcp_c.elf'
' '
'Invoking: ARM v7 Print Size'
arm-none-eabi-size echo_tcp_c.elf  |tee "echo_tcp_c.elf.size"
   text	   data	    bss	    dec	    hex	filename
 112864	   3848	2218272	2334984	 23a108	echo_tcp_c.elf
'Finished building: echo_tcp_c.elf.size'
' '
10:06:52 **** Auto Build of configuration Debug for project echo_tcp_c ****
make pre-build main-build 
a9-linaro-pre-build-step
' '
'Building file: ../src/echo.c'
'Invoking: ARM v7 gcc compiler'
arm-none-eabi-gcc -Wall -O0 -g3 -c -fmessage-length=0 -MT"src/echo.o" -mcpu=cortex-a9 -mfpu=vfpv3 -mfloat-abi=hard -I../../echo_tcp_c_bsp/ps7_cortexa9_0/include -MMD -MP -MF"src/echo.d" -MT"src/echo.o" -o "src/echo.o" "../src/echo.c"
'Finished building: ../src/echo.c'
' '
'Building file: ../src/main.c'
'Invoking: ARM v7 gcc compiler'
arm-none-eabi-gcc -Wall -O0 -g3 -c -fmessage-length=0 -MT"src/main.o" -mcpu=cortex-a9 -mfpu=vfpv3 -mfloat-abi=hard -I../../echo_tcp_c_bsp/ps7_cortexa9_0/include -MMD -MP -MF"src/main.d" -MT"src/main.o" -o "src/main.o" "../src/main.c"
'Finished building: ../src/main.c'
' '
'Building target: echo_tcp_c.elf'
'Invoking: ARM v7 gcc linker'
arm-none-eabi-gcc -mcpu=cortex-a9 -mfpu=vfpv3 -mfloat-abi=hard -Wl,-build-id=none -specs=Xilinx.spec -Wl,-T -Wl,../src/lscript.ld -L../../echo_tcp_c_bsp/ps7_cortexa9_0/lib -o "echo_tcp_c.elf"  ./src/echo.o ./src/i2c_access.o ./src/iic_phyreset.o ./src/main.o ./src/platform.o ./src/platform_mb.o ./src/platform_ppc.o ./src/platform_zynq.o ./src/platform_zynqmp.o ./src/sfp.o ./src/si5324.o   -Wl,--start-group,-lxil,-lgcc,-lc,--end-group -Wl,--start-group,-lxil,-llwip4,-lgcc,-lc,--end-group
'Finished building target: echo_tcp_c.elf'
' '
'Invoking: ARM v7 Print Size'
arm-none-eabi-size echo_tcp_c.elf  |tee "echo_tcp_c.elf.size"
   text	   data	    bss	    dec	    hex	filename
 112864	   3848	2218272	2334984	 23a108	echo_tcp_c.elf
'Finished building: echo_tcp_c.elf.size'
' '
10:07:08 **** Auto Build of configuration Debug for project echo_tcp_c ****
make pre-build main-build 
a9-linaro-pre-build-step
' '
'Building file: ../src/main.c'
'Invoking: ARM v7 gcc compiler'
arm-none-eabi-gcc -Wall -O0 -g3 -c -fmessage-length=0 -MT"src/main.o" -mcpu=cortex-a9 -mfpu=vfpv3 -mfloat-abi=hard -I../../echo_tcp_c_bsp/ps7_cortexa9_0/include -MMD -MP -MF"src/main.d" -MT"src/main.o" -o "src/main.o" "../src/main.c"
../src/main.c: In function 'main':
../src/main.c:118:5: warning: implicit declaration of function 'print_app_header'; did you mean 'pbuf_header'? [-Wimplicit-function-declaration]
     print_app_header();
     ^~~~~~~~~~~~~~~~
     pbuf_header
'Finished building: ../src/main.c'
' '
'Building target: echo_tcp_c.elf'
'Invoking: ARM v7 gcc linker'
arm-none-eabi-gcc -mcpu=cortex-a9 -mfpu=vfpv3 -mfloat-abi=hard -Wl,-build-id=none -specs=Xilinx.spec -Wl,-T -Wl,../src/lscript.ld -L../../echo_tcp_c_bsp/ps7_cortexa9_0/lib -o "echo_tcp_c.elf"  ./src/echo.o ./src/i2c_access.o ./src/iic_phyreset.o ./src/main.o ./src/platform.o ./src/platform_mb.o ./src/platform_ppc.o ./src/platform_zynq.o ./src/platform_zynqmp.o ./src/sfp.o ./src/si5324.o   -Wl,--start-group,-lxil,-lgcc,-lc,--end-group -Wl,--start-group,-lxil,-llwip4,-lgcc,-lc,--end-group
'Finished building target: echo_tcp_c.elf'
' '
'Invoking: ARM v7 Print Size'
arm-none-eabi-size echo_tcp_c.elf  |tee "echo_tcp_c.elf.size"
   text	   data	    bss	    dec	    hex	filename
 112756	   3848	2218272	2334876	 23a09c	echo_tcp_c.elf
'Finished building: echo_tcp_c.elf.size'
' '
10:07:26 **** Auto Build of configuration Debug for project echo_tcp_c ****
make pre-build main-build 
a9-linaro-pre-build-step
' '
'Building file: ../src/echo.c'
'Invoking: ARM v7 gcc compiler'
arm-none-eabi-gcc -Wall -O0 -g3 -c -fmessage-length=0 -MT"src/echo.o" -mcpu=cortex-a9 -mfpu=vfpv3 -mfloat-abi=hard -I../../echo_tcp_c_bsp/ps7_cortexa9_0/include -MMD -MP -MF"src/echo.d" -MT"src/echo.o" -o "src/echo.o" "../src/echo.c"
In file included from ../src/echo.c:18:0:
../src/massive_data.h:7:20: warning: 'massive_data' defined but not used [-Wunused-variable]
 static const char *massive_data =
                    ^~~~~~~~~~~~
'Finished building: ../src/echo.c'
' '
'Building target: echo_tcp_c.elf'
'Invoking: ARM v7 gcc linker'
arm-none-eabi-gcc -mcpu=cortex-a9 -mfpu=vfpv3 -mfloat-abi=hard -Wl,-build-id=none -specs=Xilinx.spec -Wl,-T -Wl,../src/lscript.ld -L../../echo_tcp_c_bsp/ps7_cortexa9_0/lib -o "echo_tcp_c.elf"  ./src/echo.o ./src/i2c_access.o ./src/iic_phyreset.o ./src/main.o ./src/platform.o ./src/platform_mb.o ./src/platform_ppc.o ./src/platform_zynq.o ./src/platform_zynqmp.o ./src/sfp.o ./src/si5324.o   -Wl,--start-group,-lxil,-lgcc,-lc,--end-group -Wl,--start-group,-lxil,-llwip4,-lgcc,-lc,--end-group
'Finished building target: echo_tcp_c.elf'
' '
'Invoking: ARM v7 Print Size'
arm-none-eabi-size echo_tcp_c.elf  |tee "echo_tcp_c.elf.size"
   text	   data	    bss	    dec	    hex	filename
 112392	   3848	2218272	2334512	 239f30	echo_tcp_c.elf
'Finished building: echo_tcp_c.elf.size'
' '
10:26:39 **** Incremental Build of configuration Debug for project echo_tcp_c ****
make pre-build main-build 
a9-linaro-pre-build-step
' '
make: Nothing to be done for `main-build'.
10:27:16 **** Incremental Build of configuration Debug for project echo_tcp_c ****
make pre-build main-build 
a9-linaro-pre-build-step
' '
make: Nothing to be done for `main-build'.
10:30:27 **** Incremental Build of configuration Debug for project echo_tcp_c ****
make pre-build main-build 
a9-linaro-pre-build-step
' '
'Building file: ../src/echo.c'
'Invoking: ARM v7 gcc compiler'
arm-none-eabi-gcc -Wall -O0 -g3 -c -fmessage-length=0 -MT"src/echo.o" -mcpu=cortex-a9 -mfpu=vfpv3 -mfloat-abi=hard -I../../echo_tcp_c_bsp/ps7_cortexa9_0/include -MMD -MP -MF"src/echo.d" -MT"src/echo.o" -o "src/echo.o" "../src/echo.c"
In file included from ../src/echo.c:18:0:
../src/massive_data.h:6:20: warning: 'massive_data' defined but not used [-Wunused-variable]
 static const char *massive_data =
                    ^~~~~~~~~~~~
'Finished building: ../src/echo.c'
' '
'Building file: ../src/main.c'
'Invoking: ARM v7 gcc compiler'
arm-none-eabi-gcc -Wall -O0 -g3 -c -fmessage-length=0 -MT"src/main.o" -mcpu=cortex-a9 -mfpu=vfpv3 -mfloat-abi=hard -I../../echo_tcp_c_bsp/ps7_cortexa9_0/include -MMD -MP -MF"src/main.d" -MT"src/main.o" -o "src/main.o" "../src/main.c"
../src/main.c: In function 'main':
../src/main.c:118:5: warning: implicit declaration of function 'print_app_header'; did you mean 'pbuf_header'? [-Wimplicit-function-declaration]
     print_app_header();
     ^~~~~~~~~~~~~~~~
     pbuf_header
'Finished building: ../src/main.c'
' '
'Building target: echo_tcp_c.elf'
'Invoking: ARM v7 gcc linker'
arm-none-eabi-gcc -mcpu=cortex-a9 -mfpu=vfpv3 -mfloat-abi=hard -Wl,-build-id=none -specs=Xilinx.spec -Wl,-T -Wl,../src/lscript.ld -L../../echo_tcp_c_bsp/ps7_cortexa9_0/lib -o "echo_tcp_c.elf"  ./src/echo.o ./src/i2c_access.o ./src/iic_phyreset.o ./src/main.o ./src/platform.o ./src/platform_mb.o ./src/platform_ppc.o ./src/platform_zynq.o ./src/platform_zynqmp.o ./src/sfp.o ./src/si5324.o   -Wl,--start-group,-lxil,-lgcc,-lc,--end-group -Wl,--start-group,-lxil,-llwip4,-lgcc,-lc,--end-group
'Finished building target: echo_tcp_c.elf'
' '
'Invoking: ARM v7 Print Size'
arm-none-eabi-size echo_tcp_c.elf  |tee "echo_tcp_c.elf.size"
   text	   data	    bss	    dec	    hex	filename
 394552	   3848	2218272	2616672	 27ed60	echo_tcp_c.elf
'Finished building: echo_tcp_c.elf.size'
' '
10:32:35 **** Incremental Build of configuration Debug for project echo_tcp_c ****
make pre-build main-build 
a9-linaro-pre-build-step
' '
make: Nothing to be done for `main-build'.
10:39:57 **** Auto Build of configuration Debug for project echo_tcp_c ****
make pre-build main-build 
a9-linaro-pre-build-step
' '
'Building file: ../src/main.c'
'Invoking: ARM v7 gcc compiler'
arm-none-eabi-gcc -Wall -O0 -g3 -c -fmessage-length=0 -MT"src/main.o" -mcpu=cortex-a9 -mfpu=vfpv3 -mfloat-abi=hard -I../../echo_tcp_c_bsp/ps7_cortexa9_0/include -MMD -MP -MF"src/main.d" -MT"src/main.o" -o "src/main.o" "../src/main.c"
../src/main.c: In function 'main':
../src/main.c:118:5: warning: implicit declaration of function 'print_app_header'; did you mean 'pbuf_header'? [-Wimplicit-function-declaration]
     print_app_header();
     ^~~~~~~~~~~~~~~~
     pbuf_header
'Finished building: ../src/main.c'
' '
'Building target: echo_tcp_c.elf'
'Invoking: ARM v7 gcc linker'
arm-none-eabi-gcc -mcpu=cortex-a9 -mfpu=vfpv3 -mfloat-abi=hard -Wl,-build-id=none -specs=Xilinx.spec -Wl,-T -Wl,../src/lscript.ld -L../../echo_tcp_c_bsp/ps7_cortexa9_0/lib -o "echo_tcp_c.elf"  ./src/echo.o ./src/i2c_access.o ./src/iic_phyreset.o ./src/main.o ./src/platform.o ./src/platform_mb.o ./src/platform_ppc.o ./src/platform_zynq.o ./src/platform_zynqmp.o ./src/sfp.o ./src/si5324.o   -Wl,--start-group,-lxil,-lgcc,-lc,--end-group -Wl,--start-group,-lxil,-llwip4,-lgcc,-lc,--end-group
'Finished building target: echo_tcp_c.elf'
' '
'Invoking: ARM v7 Print Size'
arm-none-eabi-size echo_tcp_c.elf  |tee "echo_tcp_c.elf.size"
   text	   data	    bss	    dec	    hex	filename
 394892	   3848	2218272	2617012	 27eeb4	echo_tcp_c.elf
'Finished building: echo_tcp_c.elf.size'
' '
10:40:00 **** Incremental Build of configuration Debug for project echo_tcp_c ****
make pre-build main-build 
a9-linaro-pre-build-step
' '
make: Nothing to be done for `main-build'.
10:55:38 **** Auto Build of configuration Debug for project echo_tcp_c ****
make pre-build main-build 
a9-linaro-pre-build-step
' '
'Building file: ../src/echo.c'
'Invoking: ARM v7 gcc compiler'
arm-none-eabi-gcc -Wall -O0 -g3 -c -fmessage-length=0 -MT"src/echo.o" -mcpu=cortex-a9 -mfpu=vfpv3 -mfloat-abi=hard -I../../echo_tcp_c_bsp/ps7_cortexa9_0/include -MMD -MP -MF"src/echo.d" -MT"src/echo.o" -o "src/echo.o" "../src/echo.c"
In file included from ../src/echo.c:16:0:
../src/massive_data.h:6:20: warning: 'massive_data' defined but not used [-Wunused-variable]
 static const char *massive_data =
                    ^~~~~~~~~~~~
'Finished building: ../src/echo.c'
' '
'Building target: echo_tcp_c.elf'
'Invoking: ARM v7 gcc linker'
arm-none-eabi-gcc -mcpu=cortex-a9 -mfpu=vfpv3 -mfloat-abi=hard -Wl,-build-id=none -specs=Xilinx.spec -Wl,-T -Wl,../src/lscript.ld -L../../echo_tcp_c_bsp/ps7_cortexa9_0/lib -o "echo_tcp_c.elf"  ./src/echo.o ./src/i2c_access.o ./src/iic_phyreset.o ./src/main.o ./src/platform.o ./src/platform_mb.o ./src/platform_ppc.o ./src/platform_zynq.o ./src/platform_zynqmp.o ./src/sfp.o ./src/si5324.o   -Wl,--start-group,-lxil,-lgcc,-lc,--end-group -Wl,--start-group,-lxil,-llwip4,-lgcc,-lc,--end-group
'Finished building target: echo_tcp_c.elf'
' '
'Invoking: ARM v7 Print Size'
arm-none-eabi-size echo_tcp_c.elf  |tee "echo_tcp_c.elf.size"
   text	   data	    bss	    dec	    hex	filename
 395160	   3848	2218272	2617280	 27efc0	echo_tcp_c.elf
'Finished building: echo_tcp_c.elf.size'
' '
11:49:11 **** Incremental Build of configuration Debug for project echo_tcp_c ****
make pre-build main-build 
a9-linaro-pre-build-step
' '
make: Nothing to be done for `main-build'.
11:51:31 **** Auto Build of configuration Debug for project echo_tcp_c ****
make pre-build main-build 
a9-linaro-pre-build-step
' '
'Building file: ../src/echo.c'
'Invoking: ARM v7 gcc compiler'
arm-none-eabi-gcc -Wall -O0 -g3 -c -fmessage-length=0 -MT"src/echo.o" -mcpu=cortex-a9 -mfpu=vfpv3 -mfloat-abi=hard -I../../echo_tcp_c_bsp/ps7_cortexa9_0/include -MMD -MP -MF"src/echo.d" -MT"src/echo.o" -o "src/echo.o" "../src/echo.c"
In file included from ../src/echo.c:16:0:
../src/massive_data.h:6:20: warning: 'massive_data' defined but not used [-Wunused-variable]
 static const char *massive_data =
                    ^~~~~~~~~~~~
'Finished building: ../src/echo.c'
' '
'Building target: echo_tcp_c.elf'
'Invoking: ARM v7 gcc linker'
arm-none-eabi-gcc -mcpu=cortex-a9 -mfpu=vfpv3 -mfloat-abi=hard -Wl,-build-id=none -specs=Xilinx.spec -Wl,-T -Wl,../src/lscript.ld -L../../echo_tcp_c_bsp/ps7_cortexa9_0/lib -o "echo_tcp_c.elf"  ./src/echo.o ./src/i2c_access.o ./src/iic_phyreset.o ./src/main.o ./src/platform.o ./src/platform_mb.o ./src/platform_ppc.o ./src/platform_zynq.o ./src/platform_zynqmp.o ./src/sfp.o ./src/si5324.o   -Wl,--start-group,-lxil,-lgcc,-lc,--end-group -Wl,--start-group,-lxil,-llwip4,-lgcc,-lc,--end-group
'Finished building target: echo_tcp_c.elf'
' '
'Invoking: ARM v7 Print Size'
arm-none-eabi-size echo_tcp_c.elf  |tee "echo_tcp_c.elf.size"
   text	   data	    bss	    dec	    hex	filename
 395160	   3848	2218272	2617280	 27efc0	echo_tcp_c.elf
'Finished building: echo_tcp_c.elf.size'
' '
12:37:24 **** Auto Build of configuration Debug for project echo_tcp_c ****
make pre-build main-build 
a9-linaro-pre-build-step
' '
'Building file: ../src/echo.c'
'Invoking: ARM v7 gcc compiler'
arm-none-eabi-gcc -Wall -O0 -g3 -c -fmessage-length=0 -MT"src/echo.o" -mcpu=cortex-a9 -mfpu=vfpv3 -mfloat-abi=hard -I../../echo_tcp_c_bsp/ps7_cortexa9_0/include -MMD -MP -MF"src/echo.d" -MT"src/echo.o" -o "src/echo.o" "../src/echo.c"
In file included from ../src/echo.c:17:0:
../src/massive_data.h:6:20: warning: 'massive_data' defined but not used [-Wunused-variable]
 static const char *massive_data =
                    ^~~~~~~~~~~~
'Finished building: ../src/echo.c'
' '
'Building target: echo_tcp_c.elf'
'Invoking: ARM v7 gcc linker'
arm-none-eabi-gcc -mcpu=cortex-a9 -mfpu=vfpv3 -mfloat-abi=hard -Wl,-build-id=none -specs=Xilinx.spec -Wl,-T -Wl,../src/lscript.ld -L../../echo_tcp_c_bsp/ps7_cortexa9_0/lib -o "echo_tcp_c.elf"  ./src/echo.o ./src/i2c_access.o ./src/iic_phyreset.o ./src/main.o ./src/platform.o ./src/platform_mb.o ./src/platform_ppc.o ./src/platform_zynq.o ./src/platform_zynqmp.o ./src/sfp.o ./src/si5324.o   -Wl,--start-group,-lxil,-lgcc,-lc,--end-group -Wl,--start-group,-lxil,-llwip4,-lgcc,-lc,--end-group
'Finished building target: echo_tcp_c.elf'
' '
'Invoking: ARM v7 Print Size'
arm-none-eabi-size echo_tcp_c.elf  |tee "echo_tcp_c.elf.size"
   text	   data	    bss	    dec	    hex	filename
 395204	   3848	2218272	2617324	 27efec	echo_tcp_c.elf
'Finished building: echo_tcp_c.elf.size'
' '
12:38:23 **** Auto Build of configuration Debug for project echo_tcp_c ****
make pre-build main-build 
a9-linaro-pre-build-step
' '
'Building file: ../src/echo.c'
'Invoking: ARM v7 gcc compiler'
arm-none-eabi-gcc -Wall -O0 -g3 -c -fmessage-length=0 -MT"src/echo.o" -mcpu=cortex-a9 -mfpu=vfpv3 -mfloat-abi=hard -I../../echo_tcp_c_bsp/ps7_cortexa9_0/include -MMD -MP -MF"src/echo.d" -MT"src/echo.o" -o "src/echo.o" "../src/echo.c"
In file included from ../src/echo.c:15:0:
../src/massive_data.h:6:20: warning: 'massive_data' defined but not used [-Wunused-variable]
 static const char *massive_data =
                    ^~~~~~~~~~~~
'Finished building: ../src/echo.c'
' '
'Building target: echo_tcp_c.elf'
'Invoking: ARM v7 gcc linker'
arm-none-eabi-gcc -mcpu=cortex-a9 -mfpu=vfpv3 -mfloat-abi=hard -Wl,-build-id=none -specs=Xilinx.spec -Wl,-T -Wl,../src/lscript.ld -L../../echo_tcp_c_bsp/ps7_cortexa9_0/lib -o "echo_tcp_c.elf"  ./src/echo.o ./src/i2c_access.o ./src/iic_phyreset.o ./src/main.o ./src/platform.o ./src/platform_mb.o ./src/platform_ppc.o ./src/platform_zynq.o ./src/platform_zynqmp.o ./src/sfp.o ./src/si5324.o   -Wl,--start-group,-lxil,-lgcc,-lc,--end-group -Wl,--start-group,-lxil,-llwip4,-lgcc,-lc,--end-group
'Finished building target: echo_tcp_c.elf'
' '
'Invoking: ARM v7 Print Size'
arm-none-eabi-size echo_tcp_c.elf  |tee "echo_tcp_c.elf.size"
   text	   data	    bss	    dec	    hex	filename
 395204	   3848	2218272	2617324	 27efec	echo_tcp_c.elf
'Finished building: echo_tcp_c.elf.size'
' '
12:38:48 **** Auto Build of configuration Debug for project echo_tcp_c ****
make pre-build main-build 
a9-linaro-pre-build-step
' '
'Building file: ../src/main.c'
'Invoking: ARM v7 gcc compiler'
arm-none-eabi-gcc -Wall -O0 -g3 -c -fmessage-length=0 -MT"src/main.o" -mcpu=cortex-a9 -mfpu=vfpv3 -mfloat-abi=hard -I../../echo_tcp_c_bsp/ps7_cortexa9_0/include -MMD -MP -MF"src/main.d" -MT"src/main.o" -o "src/main.o" "../src/main.c"
../src/main.c: In function 'main':
../src/main.c:116:5: warning: implicit declaration of function 'print_app_header'; did you mean 'pbuf_header'? [-Wimplicit-function-declaration]
     print_app_header();
     ^~~~~~~~~~~~~~~~
     pbuf_header
'Finished building: ../src/main.c'
' '
'Building target: echo_tcp_c.elf'
'Invoking: ARM v7 gcc linker'
arm-none-eabi-gcc -mcpu=cortex-a9 -mfpu=vfpv3 -mfloat-abi=hard -Wl,-build-id=none -specs=Xilinx.spec -Wl,-T -Wl,../src/lscript.ld -L../../echo_tcp_c_bsp/ps7_cortexa9_0/lib -o "echo_tcp_c.elf"  ./src/echo.o ./src/i2c_access.o ./src/iic_phyreset.o ./src/main.o ./src/platform.o ./src/platform_mb.o ./src/platform_ppc.o ./src/platform_zynq.o ./src/platform_zynqmp.o ./src/sfp.o ./src/si5324.o   -Wl,--start-group,-lxil,-lgcc,-lc,--end-group -Wl,--start-group,-lxil,-llwip4,-lgcc,-lc,--end-group
'Finished building target: echo_tcp_c.elf'
' '
'Invoking: ARM v7 Print Size'
arm-none-eabi-size echo_tcp_c.elf  |tee "echo_tcp_c.elf.size"
   text	   data	    bss	    dec	    hex	filename
 395204	   3848	2218272	2617324	 27efec	echo_tcp_c.elf
'Finished building: echo_tcp_c.elf.size'
' '
12:43:34 **** Incremental Build of configuration Debug for project echo_tcp_c ****
make pre-build main-build 
a9-linaro-pre-build-step
' '
make: Nothing to be done for `main-build'.
12:44:21 **** Incremental Build of configuration Debug for project echo_tcp_c ****
make pre-build main-build 
a9-linaro-pre-build-step
' '
make: Nothing to be done for `main-build'.
12:44:55 **** Incremental Build of configuration Debug for project echo_tcp_c ****
make pre-build main-build 
a9-linaro-pre-build-step
' '
make: Nothing to be done for `main-build'.
12:45:49 **** Incremental Build of configuration Debug for project echo_tcp_c ****
make pre-build main-build 
a9-linaro-pre-build-step
' '
make: Nothing to be done for `main-build'.
12:50:31 **** Auto Build of configuration Debug for project echo_tcp_c ****
make pre-build main-build 
a9-linaro-pre-build-step
' '
'Building file: ../src/main.c'
'Invoking: ARM v7 gcc compiler'
arm-none-eabi-gcc -Wall -O0 -g3 -c -fmessage-length=0 -MT"src/main.o" -mcpu=cortex-a9 -mfpu=vfpv3 -mfloat-abi=hard -I../../echo_tcp_c_bsp/ps7_cortexa9_0/include -MMD -MP -MF"src/main.d" -MT"src/main.o" -o "src/main.o" "../src/main.c"
../src/main.c: In function 'main':
../src/main.c:116:5: warning: implicit declaration of function 'print_app_header'; did you mean 'pbuf_header'? [-Wimplicit-function-declaration]
     print_app_header();
     ^~~~~~~~~~~~~~~~
     pbuf_header
'Finished building: ../src/main.c'
' '
'Building target: echo_tcp_c.elf'
'Invoking: ARM v7 gcc linker'
arm-none-eabi-gcc -mcpu=cortex-a9 -mfpu=vfpv3 -mfloat-abi=hard -Wl,-build-id=none -specs=Xilinx.spec -Wl,-T -Wl,../src/lscript.ld -L../../echo_tcp_c_bsp/ps7_cortexa9_0/lib -o "echo_tcp_c.elf"  ./src/echo.o ./src/i2c_access.o ./src/iic_phyreset.o ./src/main.o ./src/platform.o ./src/platform_mb.o ./src/platform_ppc.o ./src/platform_zynq.o ./src/platform_zynqmp.o ./src/sfp.o ./src/si5324.o   -Wl,--start-group,-lxil,-lgcc,-lc,--end-group -Wl,--start-group,-lxil,-llwip4,-lgcc,-lc,--end-group
'Finished building target: echo_tcp_c.elf'
' '
'Invoking: ARM v7 Print Size'
arm-none-eabi-size echo_tcp_c.elf  |tee "echo_tcp_c.elf.size"
   text	   data	    bss	    dec	    hex	filename
 395204	   3848	2218272	2617324	 27efec	echo_tcp_c.elf
'Finished building: echo_tcp_c.elf.size'
' '
12:50:40 **** Incremental Build of configuration Debug for project echo_tcp_c ****
make pre-build main-build 
a9-linaro-pre-build-step
' '
make: Nothing to be done for `main-build'.
12:51:14 **** Auto Build of configuration Debug for project echo_tcp_c ****
make pre-build main-build 
a9-linaro-pre-build-step
' '
'Building file: ../src/main.c'
'Invoking: ARM v7 gcc compiler'
arm-none-eabi-gcc -Wall -O0 -g3 -c -fmessage-length=0 -MT"src/main.o" -mcpu=cortex-a9 -mfpu=vfpv3 -mfloat-abi=hard -I../../echo_tcp_c_bsp/ps7_cortexa9_0/include -MMD -MP -MF"src/main.d" -MT"src/main.o" -o "src/main.o" "../src/main.c"
../src/main.c: In function 'main':
../src/main.c:116:5: warning: implicit declaration of function 'print_app_header'; did you mean 'pbuf_header'? [-Wimplicit-function-declaration]
     print_app_header();
     ^~~~~~~~~~~~~~~~
     pbuf_header
'Finished building: ../src/main.c'
' '
'Building target: echo_tcp_c.elf'
'Invoking: ARM v7 gcc linker'
arm-none-eabi-gcc -mcpu=cortex-a9 -mfpu=vfpv3 -mfloat-abi=hard -Wl,-build-id=none -specs=Xilinx.spec -Wl,-T -Wl,../src/lscript.ld -L../../echo_tcp_c_bsp/ps7_cortexa9_0/lib -o "echo_tcp_c.elf"  ./src/echo.o ./src/i2c_access.o ./src/iic_phyreset.o ./src/main.o ./src/platform.o ./src/platform_mb.o ./src/platform_ppc.o ./src/platform_zynq.o ./src/platform_zynqmp.o ./src/sfp.o ./src/si5324.o   -Wl,--start-group,-lxil,-lgcc,-lc,--end-group -Wl,--start-group,-lxil,-llwip4,-lgcc,-lc,--end-group
'Finished building target: echo_tcp_c.elf'
' '
'Invoking: ARM v7 Print Size'
arm-none-eabi-size echo_tcp_c.elf  |tee "echo_tcp_c.elf.size"
   text	   data	    bss	    dec	    hex	filename
 395204	   3848	2218272	2617324	 27efec	echo_tcp_c.elf
'Finished building: echo_tcp_c.elf.size'
' '
12:51:19 **** Incremental Build of configuration Debug for project echo_tcp_c ****
make pre-build main-build 
a9-linaro-pre-build-step
' '
make: Nothing to be done for `main-build'.
12:51:34 **** Incremental Build of configuration Debug for project echo_tcp_c ****
make pre-build main-build 
a9-linaro-pre-build-step
' '
make: Nothing to be done for `main-build'.
12:51:51 **** Incremental Build of configuration Debug for project echo_tcp_c ****
make pre-build main-build 
a9-linaro-pre-build-step
' '
make: Nothing to be done for `main-build'.
12:52:21 **** Incremental Build of configuration Debug for project echo_tcp_c ****
make pre-build main-build 
a9-linaro-pre-build-step
' '
make: Nothing to be done for `main-build'.
12:54:00 **** Incremental Build of configuration Debug for project echo_tcp_c ****
make pre-build main-build 
a9-linaro-pre-build-step
' '
[...]
  load_massive_data();
  ^~~~~~~~~~~~~~~~~
In file included from ../src/main.c:32:0:
At top level:
../src/small_data.h:13:20: warning: 'small_data' defined but not used [-Wunused-variable]
 static const char *small_data=
                    ^~~~~~~~~~
In file included from ../src/main.c:31:0:
../src/massive_data.h:6:20: warning: 'massive_data' defined but not used [-Wunused-variable]
 static const char *massive_data =
                    ^~~~~~~~~~~~
'Finished building: ../src/main.c'
' '
'Building target: echo_tcp_c.elf'
'Invoking: ARM v7 gcc linker'
arm-none-eabi-gcc -mcpu=cortex-a9 -mfpu=vfpv3 -mfloat-abi=hard -Wl,-build-id=none -specs=Xilinx.spec -Wl,-T -Wl,../src/lscript.ld -L../../echo_tcp_c_bsp/ps7_cortexa9_0/lib -o "echo_tcp_c.elf"  ./src/echo.o ./src/i2c_access.o ./src/iic_phyreset.o ./src/line_blocker.o ./src/main.o ./src/platform.o ./src/platform_mb.o ./src/platform_ppc.o ./src/platform_zynq.o ./src/platform_zynqmp.o ./src/sfp.o ./src/si5324.o   -Wl,--start-group,-lxil,-lgcc,-lc,--end-group -Wl,--start-group,-lxil,-llwip4,-lgcc,-lc,--end-group
'Finished building target: echo_tcp_c.elf'
' '
'Invoking: ARM v7 Print Size'
arm-none-eabi-size echo_tcp_c.elf  |tee "echo_tcp_c.elf.size"
   text	   data	    bss	    dec	    hex	filename
 538824	   3856	2218272	2760952	 2a20f8	echo_tcp_c.elf
'Finished building: echo_tcp_c.elf.size'
' '
11:51:15 **** Auto Build of configuration Debug for project echo_tcp_c ****
make pre-build main-build 
a9-linaro-pre-build-step
' '
'Building file: ../src/main.c'
'Invoking: ARM v7 gcc compiler'
arm-none-eabi-gcc -Wall -O0 -g3 -c -fmessage-length=0 -MT"src/main.o" -mcpu=cortex-a9 -mfpu=vfpv3 -mfloat-abi=hard -I../../echo_tcp_c_bsp/ps7_cortexa9_0/include -MMD -MP -MF"src/main.d" -MT"src/main.o" -o "src/main.o" "../src/main.c"
../src/main.c: In function 'main':
../src/main.c:242:2: warning: implicit declaration of function 'load_massive_data' [-Wimplicit-function-declaration]
  load_massive_data();
  ^~~~~~~~~~~~~~~~~
In file included from ../src/main.c:32:0:
At top level:
../src/small_data.h:13:20: warning: 'small_data' defined but not used [-Wunused-variable]
 static const char *small_data=
                    ^~~~~~~~~~
In file included from ../src/main.c:31:0:
../src/massive_data.h:6:20: warning: 'massive_data' defined but not used [-Wunused-variable]
 static const char *massive_data =
                    ^~~~~~~~~~~~
'Finished building: ../src/main.c'
' '
'Building target: echo_tcp_c.elf'
'Invoking: ARM v7 gcc linker'
arm-none-eabi-gcc -mcpu=cortex-a9 -mfpu=vfpv3 -mfloat-abi=hard -Wl,-build-id=none -specs=Xilinx.spec -Wl,-T -Wl,../src/lscript.ld -L../../echo_tcp_c_bsp/ps7_cortexa9_0/lib -o "echo_tcp_c.elf"  ./src/echo.o ./src/i2c_access.o ./src/iic_phyreset.o ./src/line_blocker.o ./src/main.o ./src/platform.o ./src/platform_mb.o ./src/platform_ppc.o ./src/platform_zynq.o ./src/platform_zynqmp.o ./src/sfp.o ./src/si5324.o   -Wl,--start-group,-lxil,-lgcc,-lc,--end-group -Wl,--start-group,-lxil,-llwip4,-lgcc,-lc,--end-group
'Finished building target: echo_tcp_c.elf'
' '
'Invoking: ARM v7 Print Size'
arm-none-eabi-size echo_tcp_c.elf  |tee "echo_tcp_c.elf.size"
   text	   data	    bss	    dec	    hex	filename
 539048	   3856	2218272	2761176	 2a21d8	echo_tcp_c.elf
'Finished building: echo_tcp_c.elf.size'
' '
11:51:21 **** Incremental Build of configuration Debug for project echo_tcp_c ****
make pre-build main-build 
a9-linaro-pre-build-step
' '
'Building file: ../src/line_blocker.c'
'Invoking: ARM v7 gcc compiler'
arm-none-eabi-gcc -Wall -O0 -g3 -c -fmessage-length=0 -MT"src/line_blocker.o" -mcpu=cortex-a9 -mfpu=vfpv3 -mfloat-abi=hard -I../../echo_tcp_c_bsp/ps7_cortexa9_0/include -MMD -MP -MF"src/line_blocker.d" -MT"src/line_blocker.o" -o "src/line_blocker.o" "../src/line_blocker.c"
../src/line_blocker.c: In function 'init_line_blocks':
../src/line_blocker.c:24:5: warning: implicit declaration of function 'xil_printf'; did you mean '__eprintf'? [-Wimplicit-function-declaration]
     xil_printf("Primeros 80 bytes de massive_data:\n\r");
     ^~~~~~~~~~
     __eprintf
'Finished building: ../src/line_blocker.c'
' '
'Building target: echo_tcp_c.elf'
'Invoking: ARM v7 gcc linker'
arm-none-eabi-gcc -mcpu=cortex-a9 -mfpu=vfpv3 -mfloat-abi=hard -Wl,-build-id=none -specs=Xilinx.spec -Wl,-T -Wl,../src/lscript.ld -L../../echo_tcp_c_bsp/ps7_cortexa9_0/lib -o "echo_tcp_c.elf"  ./src/echo.o ./src/i2c_access.o ./src/iic_phyreset.o ./src/line_blocker.o ./src/main.o ./src/platform.o ./src/platform_mb.o ./src/platform_ppc.o ./src/platform_zynq.o ./src/platform_zynqmp.o ./src/sfp.o ./src/si5324.o   -Wl,--start-group,-lxil,-lgcc,-lc,--end-group -Wl,--start-group,-lxil,-llwip4,-lgcc,-lc,--end-group
'Finished building target: echo_tcp_c.elf'
' '
'Invoking: ARM v7 Print Size'
arm-none-eabi-size echo_tcp_c.elf  |tee "echo_tcp_c.elf.size"
   text	   data	    bss	    dec	    hex	filename
 540472	   3856	2218272	2762600	 2a2768	echo_tcp_c.elf
'Finished building: echo_tcp_c.elf.size'
' '
12:13:11 **** Auto Build of configuration Debug for project echo_tcp_c ****
make pre-build main-build 
a9-linaro-pre-build-step
' '
'Building file: ../src/main.c'
'Invoking: ARM v7 gcc compiler'
arm-none-eabi-gcc -Wall -O0 -g3 -c -fmessage-length=0 -MT"src/main.o" -mcpu=cortex-a9 -mfpu=vfpv3 -mfloat-abi=hard -I../../echo_tcp_c_bsp/ps7_cortexa9_0/include -MMD -MP -MF"src/main.d" -MT"src/main.o" -o "src/main.o" "../src/main.c"
../src/main.c: In function 'main':
../src/main.c:243:2: warning: implicit declaration of function 'load_massive_data' [-Wimplicit-function-declaration]
  load_massive_data();
  ^~~~~~~~~~~~~~~~~
In file included from ../src/main.c:32:0:
At top level:
../src/small_data.h:13:20: warning: 'small_data' defined but not used [-Wunused-variable]
 static const char *small_data=
                    ^~~~~~~~~~
In file included from ../src/main.c:31:0:
../src/massive_data.h:6:20: warning: 'massive_data' defined but not used [-Wunused-variable]
 static const char *massive_data =
                    ^~~~~~~~~~~~
'Finished building: ../src/main.c'
' '
'Building target: echo_tcp_c.elf'
'Invoking: ARM v7 gcc linker'
arm-none-eabi-gcc -mcpu=cortex-a9 -mfpu=vfpv3 -mfloat-abi=hard -Wl,-build-id=none -specs=Xilinx.spec -Wl,-T -Wl,../src/lscript.ld -L../../echo_tcp_c_bsp/ps7_cortexa9_0/lib -o "echo_tcp_c.elf"  ./src/echo.o ./src/i2c_access.o ./src/iic_phyreset.o ./src/line_blocker.o ./src/main.o ./src/platform.o ./src/platform_mb.o ./src/platform_ppc.o ./src/platform_zynq.o ./src/platform_zynqmp.o ./src/sfp.o ./src/si5324.o   -Wl,--start-group,-lxil,-lgcc,-lc,--end-group -Wl,--start-group,-lxil,-llwip4,-lgcc,-lc,--end-group
'Finished building target: echo_tcp_c.elf'
' '
'Invoking: ARM v7 Print Size'
arm-none-eabi-size echo_tcp_c.elf  |tee "echo_tcp_c.elf.size"
   text	   data	    bss	    dec	    hex	filename
 540480	   3856	2218272	2762608	 2a2770	echo_tcp_c.elf
'Finished building: echo_tcp_c.elf.size'
' '
12:14:08 **** Auto Build of configuration Debug for project echo_tcp_c ****
make pre-build main-build 
a9-linaro-pre-build-step
' '
'Building file: ../src/line_blocker.c'
'Invoking: ARM v7 gcc compiler'
arm-none-eabi-gcc -Wall -O0 -g3 -c -fmessage-length=0 -MT"src/line_blocker.o" -mcpu=cortex-a9 -mfpu=vfpv3 -mfloat-abi=hard -I../../echo_tcp_c_bsp/ps7_cortexa9_0/include -MMD -MP -MF"src/line_blocker.d" -MT"src/line_blocker.o" -o "src/line_blocker.o" "../src/line_blocker.c"
../src/line_blocker.c: In function 'init_line_blocks':
../src/line_blocker.c:24:5: warning: implicit declaration of function 'xil_printf'; did you mean '__eprintf'? [-Wimplicit-function-declaration]
     xil_printf("Primeros 80 bytes de massive_data:\n\r");
     ^~~~~~~~~~
     __eprintf
'Finished building: ../src/line_blocker.c'
' '
'Building target: echo_tcp_c.elf'
'Invoking: ARM v7 gcc linker'
arm-none-eabi-gcc -mcpu=cortex-a9 -mfpu=vfpv3 -mfloat-abi=hard -Wl,-build-id=none -specs=Xilinx.spec -Wl,-T -Wl,../src/lscript.ld -L../../echo_tcp_c_bsp/ps7_cortexa9_0/lib -o "echo_tcp_c.elf"  ./src/echo.o ./src/i2c_access.o ./src/iic_phyreset.o ./src/line_blocker.o ./src/main.o ./src/platform.o ./src/platform_mb.o ./src/platform_ppc.o ./src/platform_zynq.o ./src/platform_zynqmp.o ./src/sfp.o ./src/si5324.o   -Wl,--start-group,-lxil,-lgcc,-lc,--end-group -Wl,--start-group,-lxil,-llwip4,-lgcc,-lc,--end-group
'Finished building target: echo_tcp_c.elf'
' '
'Invoking: ARM v7 Print Size'
arm-none-eabi-size echo_tcp_c.elf  |tee "echo_tcp_c.elf.size"
   text	   data	    bss	    dec	    hex	filename
 540516	   3856	2218272	2762644	 2a2794	echo_tcp_c.elf
'Finished building: echo_tcp_c.elf.size'
' '
12:14:14 **** Incremental Build of configuration Debug for project echo_tcp_c ****
make pre-build main-build 
a9-linaro-pre-build-step
' '
make: Nothing to be done for `main-build'.
12:23:16 **** Auto Build of configuration Debug for project echo_tcp_c ****
make pre-build main-build 
a9-linaro-pre-build-step
' '
'Building file: ../src/echo.c'
'Invoking: ARM v7 gcc compiler'
arm-none-eabi-gcc -Wall -O0 -g3 -c -fmessage-length=0 -MT"src/echo.o" -mcpu=cortex-a9 -mfpu=vfpv3 -mfloat-abi=hard -I../../echo_tcp_c_bsp/ps7_cortexa9_0/include -MMD -MP -MF"src/echo.d" -MT"src/echo.o" -o "src/echo.o" "../src/echo.c"
In file included from ../src/echo.c:9:0:
../src/small_data.h:13:20: warning: 'small_data' defined but not used [-Wunused-variable]
 static const char *small_data=
                    ^~~~~~~~~~
In file included from ../src/echo.c:8:0:
../src/massive_data.h:6:20: warning: 'massive_data' defined but not used [-Wunused-variable]
 static const char *massive_data =
                    ^~~~~~~~~~~~
'Finished building: ../src/echo.c'
' '
'Building target: echo_tcp_c.elf'
'Invoking: ARM v7 gcc linker'
arm-none-eabi-gcc -mcpu=cortex-a9 -mfpu=vfpv3 -mfloat-abi=hard -Wl,-build-id=none -specs=Xilinx.spec -Wl,-T -Wl,../src/lscript.ld -L../../echo_tcp_c_bsp/ps7_cortexa9_0/lib -o "echo_tcp_c.elf"  ./src/echo.o ./src/i2c_access.o ./src/iic_phyreset.o ./src/line_blocker.o ./src/main.o ./src/platform.o ./src/platform_mb.o ./src/platform_ppc.o ./src/platform_zynq.o ./src/platform_zynqmp.o ./src/sfp.o ./src/si5324.o   -Wl,--start-group,-lxil,-lgcc,-lc,--end-group -Wl,--start-group,-lxil,-llwip4,-lgcc,-lc,--end-group
'Finished building target: echo_tcp_c.elf'
' '
'Invoking: ARM v7 Print Size'
arm-none-eabi-size echo_tcp_c.elf  |tee "echo_tcp_c.elf.size"
   text	   data	    bss	    dec	    hex	filename
 540616	   3856	2218272	2762744	 2a27f8	echo_tcp_c.elf
'Finished building: echo_tcp_c.elf.size'
' '
12:25:26 **** Auto Build of configuration Debug for project echo_tcp_c ****
make pre-build main-build 
a9-linaro-pre-build-step
' '
'Building file: ../src/line_blocker.c'
'Invoking: ARM v7 gcc compiler'
arm-none-eabi-gcc -Wall -O0 -g3 -c -fmessage-length=0 -MT"src/line_blocker.o" -mcpu=cortex-a9 -mfpu=vfpv3 -mfloat-abi=hard -I../../echo_tcp_c_bsp/ps7_cortexa9_0/include -MMD -MP -MF"src/line_blocker.d" -MT"src/line_blocker.o" -o "src/line_blocker.o" "../src/line_blocker.c"
../src/line_blocker.c: In function 'init_line_blocks':
../src/line_blocker.c:24:5: warning: implicit declaration of function 'xil_printf'; did you mean '__eprintf'? [-Wimplicit-function-declaration]
     xil_printf("Primeros 80 bytes de massive_data:\n\r");
     ^~~~~~~~~~
     __eprintf
'Finished building: ../src/line_blocker.c'
' '
'Building target: echo_tcp_c.elf'
'Invoking: ARM v7 gcc linker'
arm-none-eabi-gcc -mcpu=cortex-a9 -mfpu=vfpv3 -mfloat-abi=hard -Wl,-build-id=none -specs=Xilinx.spec -Wl,-T -Wl,../src/lscript.ld -L../../echo_tcp_c_bsp/ps7_cortexa9_0/lib -o "echo_tcp_c.elf"  ./src/echo.o ./src/i2c_access.o ./src/iic_phyreset.o ./src/line_blocker.o ./src/main.o ./src/platform.o ./src/platform_mb.o ./src/platform_ppc.o ./src/platform_zynq.o ./src/platform_zynqmp.o ./src/sfp.o ./src/si5324.o   -Wl,--start-group,-lxil,-lgcc,-lc,--end-group -Wl,--start-group,-lxil,-llwip4,-lgcc,-lc,--end-group
'Finished building target: echo_tcp_c.elf'
' '
'Invoking: ARM v7 Print Size'
arm-none-eabi-size echo_tcp_c.elf  |tee "echo_tcp_c.elf.size"
   text	   data	    bss	    dec	    hex	filename
 540760	   3856	2218272	2762888	 2a2888	echo_tcp_c.elf
'Finished building: echo_tcp_c.elf.size'
' '
12:25:35 **** Incremental Build of configuration Debug for project echo_tcp_c ****
make pre-build main-build 
a9-linaro-pre-build-step
' '
make: Nothing to be done for `main-build'.
12:31:14 **** Auto Build of configuration Debug for project echo_tcp_c ****
make pre-build main-build 
a9-linaro-pre-build-step
' '
'Building file: ../src/line_blocker.c'
'Invoking: ARM v7 gcc compiler'
arm-none-eabi-gcc -Wall -O0 -g3 -c -fmessage-length=0 -MT"src/line_blocker.o" -mcpu=cortex-a9 -mfpu=vfpv3 -mfloat-abi=hard -I../../echo_tcp_c_bsp/ps7_cortexa9_0/include -MMD -MP -MF"src/line_blocker.d" -MT"src/line_blocker.o" -o "src/line_blocker.o" "../src/line_blocker.c"
../src/line_blocker.c: In function 'init_line_blocks':
../src/line_blocker.c:24:5: warning: implicit declaration of function 'xil_printf'; did you mean '__eprintf'? [-Wimplicit-function-declaration]
     xil_printf("Primeros 80 bytes de massive_data:\n\r");
     ^~~~~~~~~~
     __eprintf
'Finished building: ../src/line_blocker.c'
' '
'Building target: echo_tcp_c.elf'
'Invoking: ARM v7 gcc linker'
arm-none-eabi-gcc -mcpu=cortex-a9 -mfpu=vfpv3 -mfloat-abi=hard -Wl,-build-id=none -specs=Xilinx.spec -Wl,-T -Wl,../src/lscript.ld -L../../echo_tcp_c_bsp/ps7_cortexa9_0/lib -o "echo_tcp_c.elf"  ./src/echo.o ./src/i2c_access.o ./src/iic_phyreset.o ./src/line_blocker.o ./src/main.o ./src/platform.o ./src/platform_mb.o ./src/platform_ppc.o ./src/platform_zynq.o ./src/platform_zynqmp.o ./src/sfp.o ./src/si5324.o   -Wl,--start-group,-lxil,-lgcc,-lc,--end-group -Wl,--start-group,-lxil,-llwip4,-lgcc,-lc,--end-group
'Finished building target: echo_tcp_c.elf'
' '
'Invoking: ARM v7 Print Size'
arm-none-eabi-size echo_tcp_c.elf  |tee "echo_tcp_c.elf.size"
   text	   data	    bss	    dec	    hex	filename
 540760	   3856	2218272	2762888	 2a2888	echo_tcp_c.elf
'Finished building: echo_tcp_c.elf.size'
' '
12:31:29 **** Incremental Build of configuration Debug for project echo_tcp_c ****
make pre-build main-build 
a9-linaro-pre-build-step
' '
make: Nothing to be done for `main-build'.
12:38:11 **** Auto Build of configuration Debug for project echo_tcp_c ****
make pre-build main-build 
a9-linaro-pre-build-step
' '
'Building file: ../src/line_blocker.c'
'Invoking: ARM v7 gcc compiler'
arm-none-eabi-gcc -Wall -O0 -g3 -c -fmessage-length=0 -MT"src/line_blocker.o" -mcpu=cortex-a9 -mfpu=vfpv3 -mfloat-abi=hard -I../../echo_tcp_c_bsp/ps7_cortexa9_0/include -MMD -MP -MF"src/line_blocker.d" -MT"src/line_blocker.o" -o "src/line_blocker.o" "../src/line_blocker.c"
../src/line_blocker.c: In function 'debug_test_ring_buffer':
../src/line_blocker.c:121:13: warning: unused variable 'len' [-Wunused-variable]
         int len = read_next_block_from_buffer(&line_rb, block, sizeof(block));
             ^~~
../src/line_blocker.c:134:5: warning: implicit declaration of function 'xil_printf'; did you mean '__eprintf'? [-Wimplicit-function-declaration]
     xil_printf("[Test] Fin de prueba de lectura secuencial del buffer.\n\r");
     ^~~~~~~~~~
     __eprintf
'Finished building: ../src/line_blocker.c'
' '
'Building target: echo_tcp_c.elf'
'Invoking: ARM v7 gcc linker'
arm-none-eabi-gcc -mcpu=cortex-a9 -mfpu=vfpv3 -mfloat-abi=hard -Wl,-build-id=none -specs=Xilinx.spec -Wl,-T -Wl,../src/lscript.ld -L../../echo_tcp_c_bsp/ps7_cortexa9_0/lib -o "echo_tcp_c.elf"  ./src/echo.o ./src/i2c_access.o ./src/iic_phyreset.o ./src/line_blocker.o ./src/main.o ./src/platform.o ./src/platform_mb.o ./src/platform_ppc.o ./src/platform_zynq.o ./src/platform_zynqmp.o ./src/sfp.o ./src/si5324.o   -Wl,--start-group,-lxil,-lgcc,-lc,--end-group -Wl,--start-group,-lxil,-llwip4,-lgcc,-lc,--end-group
'Finished building target: echo_tcp_c.elf'
' '
'Invoking: ARM v7 Print Size'
arm-none-eabi-size echo_tcp_c.elf  |tee "echo_tcp_c.elf.size"
   text	   data	    bss	    dec	    hex	filename
 539092	   3856	2218272	2761220	 2a2204	echo_tcp_c.elf
'Finished building: echo_tcp_c.elf.size'
' '
12:38:36 **** Auto Build of configuration Debug for project echo_tcp_c ****
make pre-build main-build 
a9-linaro-pre-build-step
' '
'Building file: ../src/main.c'
'Invoking: ARM v7 gcc compiler'
arm-none-eabi-gcc -Wall -O0 -g3 -c -fmessage-length=0 -MT"src/main.o" -mcpu=cortex-a9 -mfpu=vfpv3 -mfloat-abi=hard -I../../echo_tcp_c_bsp/ps7_cortexa9_0/include -MMD -MP -MF"src/main.d" -MT"src/main.o" -o "src/main.o" "../src/main.c"
../src/main.c: In function 'main':
../src/main.c:241:2: warning: implicit declaration of function 'load_massive_data' [-Wimplicit-function-declaration]
  load_massive_data();
  ^~~~~~~~~~~~~~~~~
In file included from ../src/main.c:30:0:
At top level:
../src/small_data.h:13:20: warning: 'small_data' defined but not used [-Wunused-variable]
 static const char *small_data=
                    ^~~~~~~~~~
In file included from ../src/main.c:29:0:
../src/massive_data.h:6:20: warning: 'massive_data' defined but not used [-Wunused-variable]
 static const char *massive_data =
                    ^~~~~~~~~~~~
'Finished building: ../src/main.c'
' '
'Building target: echo_tcp_c.elf'
'Invoking: ARM v7 gcc linker'
arm-none-eabi-gcc -mcpu=cortex-a9 -mfpu=vfpv3 -mfloat-abi=hard -Wl,-build-id=none -specs=Xilinx.spec -Wl,-T -Wl,../src/lscript.ld -L../../echo_tcp_c_bsp/ps7_cortexa9_0/lib -o "echo_tcp_c.elf"  ./src/echo.o ./src/i2c_access.o ./src/iic_phyreset.o ./src/line_blocker.o ./src/main.o ./src/platform.o ./src/platform_mb.o ./src/platform_ppc.o ./src/platform_zynq.o ./src/platform_zynqmp.o ./src/sfp.o ./src/si5324.o   -Wl,--start-group,-lxil,-lgcc,-lc,--end-group -Wl,--start-group,-lxil,-llwip4,-lgcc,-lc,--end-group
'Finished building target: echo_tcp_c.elf'
' '
'Invoking: ARM v7 Print Size'
arm-none-eabi-size echo_tcp_c.elf  |tee "echo_tcp_c.elf.size"
   text	   data	    bss	    dec	    hex	filename
 538924	   3856	2218272	2761052	 2a215c	echo_tcp_c.elf
'Finished building: echo_tcp_c.elf.size'
' '
12:40:25 **** Auto Build of configuration Debug for project echo_tcp_c ****
make pre-build main-build 
a9-linaro-pre-build-step
' '
'Building file: ../src/main.c'
'Invoking: ARM v7 gcc compiler'
arm-none-eabi-gcc -Wall -O0 -g3 -c -fmessage-length=0 -MT"src/main.o" -mcpu=cortex-a9 -mfpu=vfpv3 -mfloat-abi=hard -I../../echo_tcp_c_bsp/ps7_cortexa9_0/include -MMD -MP -MF"src/main.d" -MT"src/main.o" -o "src/main.o" "../src/main.c"
../src/main.c: In function 'main':
../src/main.c:241:2: warning: implicit declaration of function 'load_massive_data' [-Wimplicit-function-declaration]
  load_massive_data();
  ^~~~~~~~~~~~~~~~~
In file included from ../src/main.c:30:0:
At top level:
../src/small_data.h:13:20: warning: 'small_data' defined but not used [-Wunused-variable]
 static const char *small_data=
                    ^~~~~~~~~~
In file included from ../src/main.c:29:0:
../src/massive_data.h:6:20: warning: 'massive_data' defined but not used [-Wunused-variable]
 static const char *massive_data =
                    ^~~~~~~~~~~~
'Finished building: ../src/main.c'
' '
'Building target: echo_tcp_c.elf'
'Invoking: ARM v7 gcc linker'
arm-none-eabi-gcc -mcpu=cortex-a9 -mfpu=vfpv3 -mfloat-abi=hard -Wl,-build-id=none -specs=Xilinx.spec -Wl,-T -Wl,../src/lscript.ld -L../../echo_tcp_c_bsp/ps7_cortexa9_0/lib -o "echo_tcp_c.elf"  ./src/echo.o ./src/i2c_access.o ./src/iic_phyreset.o ./src/line_blocker.o ./src/main.o ./src/platform.o ./src/platform_mb.o ./src/platform_ppc.o ./src/platform_zynq.o ./src/platform_zynqmp.o ./src/sfp.o ./src/si5324.o   -Wl,--start-group,-lxil,-lgcc,-lc,--end-group -Wl,--start-group,-lxil,-llwip4,-lgcc,-lc,--end-group
'Finished building target: echo_tcp_c.elf'
' '
'Invoking: ARM v7 Print Size'
arm-none-eabi-size echo_tcp_c.elf  |tee "echo_tcp_c.elf.size"
   text	   data	    bss	    dec	    hex	filename
 538924	   3856	2218272	2761052	 2a215c	echo_tcp_c.elf
'Finished building: echo_tcp_c.elf.size'
' '
