Design Route Status
                                               :      # nets :
   ------------------------------------------- : ----------- :
   # of logical nets.......................... :       42891 :
       # of nets not needing routing.......... :       22055 :
           # of internally routed nets........ :       21567 :
           # of nets with no loads............ :         488 :
       # of routable nets..................... :       20836 :
           # of fully routed nets............. :       20835 :
       # of nets with routing errors.......... :           1 :
           # of nets with some unrouted pins.. :           1 :
   ------------------------------------------- : ----------- :


Nets with Routing Errors:
  zsys_i/ADC/ADC_readout_buff_0/U0/o_ADclk
    Unrouted Pins:
      zsys_i/ADC/AXI_ADC_1/U0/AXI_ADC_v3_0_S00_AXI_inst/Inst_ADC_readout_12bit/iserdes_frame_n_even/D
      zsys_i/ADC/AXI_ADC_1/U0/AXI_ADC_v3_0_S00_AXI_inst/Inst_ADC_readout_12bit/iserdes_frame_p_odd/D

